<html>
<body>
<pre>
<h1>礦ision Build Log</h1>
<h2>Tool Versions:</h2>
IDE-Version: μVision V5.28.0.0
Copyright (C) 2019 ARM Ltd and ARM Germany GmbH. All rights reserved.
License Information: A Stupid, A, LIC=NQQ8T-RAETB-I5XTC-7J00U-65JIR-UETX7
 
Tool Versions:
Toolchain:       MDK-ARM Plus  Version: 5.28.0.0
Toolchain Path:  D:\Keil_v5\ARM\ARMCC\Bin
C Compiler:      Armcc.exe V5.06 update 6 (build 750)
Assembler:       Armasm.exe V5.06 update 6 (build 750)
Linker/Locator:  ArmLink.exe V5.06 update 6 (build 750)
Library Manager: ArmAr.exe V5.06 update 6 (build 750)
Hex Converter:   FromElf.exe V5.06 update 6 (build 750)
CPU DLL:         SARMCM3.DLL V5.28.0.0
Dialog DLL:      DARMSTM.DLL V1.68.0.0
Target DLL:      Segger\JL2CM3.dll V2.99.36.0
Dialog DLL:      TARMSTM.DLL V1.66.0.0
 
<h2>Project:</h2>
D:\Desktop\空中鼠标源代码\空中鼠标发射端\USER\USBTOUCHMOUSE.uvproj
Project File Date:  04/25/2020

<h2>Output:</h2>
*** Using Compiler 'V5.06 update 6 (build 750)', folder: 'D:\Keil_v5\ARM\ARMCC\Bin'
Build target 'Target 1'
compiling led.c...
compiling key.c...
compiling spi.c...
compiling I2C.c...
compiling system_stm32f10x.c...
compiling stm32f10x_it.c...
compiling mpu6050.c...
compiling main.c...
main.c(46): warning:  #177-D: variable "i"  was declared but never referenced
  	u8 i=0;
main.c(47): warning:  #177-D: variable "X1"  was declared but never referenced
   	short X,Y,X1,Y1;		 //发送到电脑端的坐标值
main.c(47): warning:  #177-D: variable "Y1"  was declared but never referenced
   	short X,Y,X1,Y1;		 //发送到电脑端的坐标值
main.c: 3 warnings, 0 errors
assembling startup_stm32f10x_md.s...
compiling core_cm3.c...
compiling misc.c...
compiling delay.c...
compiling sys.c...
compiling usart.c...
compiling stm32f10x_gpio.c...
compiling 24l01.c...
compiling usb_init.c...
compiling usb_int.c...
compiling usb_core.c...
compiling usb_mem.c...
compiling stm32f10x_rcc.c...
compiling stm32f10x_exti.c...
compiling usb_regs.c...
compiling stm32f10x_usart.c...
compiling stm32f10x_spi.c...
compiling usb_istr.c...
compiling usb_desc.c...
compiling usb_prop.c...
compiling hw_config.c...
compiling usb_pwr.c...
linking...
Program Size: Code=18268 RO-data=468 RW-data=336 ZI-data=1864  
FromELF: creating hex file...
"..\OBJ\USBMOUSE.axf" - 0 Error(s), 3 Warning(s).
Build Time Elapsed:  00:00:03
</pre>
</body>
</html>
