Component: ARM Compiler 5.06 update 6 (build 750) Tool: armlink [4d35ed]

==============================================================================

Section Cross References

    main.o(.text) refers to _printf_pad.o(.text) for _printf_pre_padding
    main.o(.text) refers to _printf_percent.o(.ARM.Collect$$_printf_percent$$00000000) for _printf_percent
    main.o(.text) refers to _printf_d.o(.ARM.Collect$$_printf_percent$$00000009) for _printf_d
    main.o(.text) refers to _printf_dec.o(.text) for _printf_int_dec
    main.o(.text) refers to stm32f10x_rcc.o(.text) for RCC_APB2PeriphClockCmd
    main.o(.text) refers to delay.o(.text) for delay_init
    main.o(.text) refers to sys.o(.text) for NVIC_Configuration
    main.o(.text) refers to usart.o(.text) for uart_init
    main.o(.text) refers to led.o(.text) for LED_Init
    main.o(.text) refers to key.o(.text) for KEY_Init
    main.o(.text) refers to i2c.o(.text) for I2C_Init
    main.o(.text) refers to mpu6050.o(.text) for MPU6050_Init
    main.o(.text) refers to 24l01.o(.text) for NRF24L01_Init
    main.o(.text) refers to noretval__2printf.o(.text) for __2printf
    stm32f10x_it.o(.text) refers to usb_istr.o(.text) for USB_Istr
    stm32f10x_it.o(.text) refers to stm32f10x_exti.o(.text) for EXTI_ClearITPendingBit
    system_stm32f10x.o(.text) refers to system_stm32f10x.o(.data) for SystemCoreClock
    led.o(.text) refers to stm32f10x_rcc.o(.text) for RCC_APB2PeriphClockCmd
    led.o(.text) refers to stm32f10x_gpio.o(.text) for GPIO_Init
    key.o(.text) refers to stm32f10x_rcc.o(.text) for RCC_APB2PeriphClockCmd
    key.o(.text) refers to stm32f10x_gpio.o(.text) for GPIO_Init
    key.o(.text) refers to delay.o(.text) for delay_ms
    key.o(.text) refers to key.o(.data) for key_up
    i2c.o(.text) refers to stm32f10x_gpio.o(.text) for GPIO_Init
    i2c.o(.text) refers to delay.o(.text) for delay_us
    mpu6050.o(.text) refers to _printf_percent.o(.ARM.Collect$$_printf_percent$$00000000) for _printf_percent
    mpu6050.o(.text) refers to _printf_d.o(.ARM.Collect$$_printf_percent$$00000009) for _printf_d
    mpu6050.o(.text) refers to _printf_dec.o(.text) for _printf_int_dec
    mpu6050.o(.text) refers to i2c.o(.text) for I2C_Start
    mpu6050.o(.text) refers to noretval__2printf.o(.text) for __2printf
    mpu6050.o(.text) refers to dflt_clz.o(x$fpl$dflt) for __aeabi_i2d
    mpu6050.o(.text) refers to ddiv.o(x$fpl$ddiv) for __aeabi_ddiv
    mpu6050.o(.text) refers to daddsub_clz.o(x$fpl$dsub) for __aeabi_dsub
    mpu6050.o(.text) refers to dfix.o(x$fpl$dfix) for __aeabi_d2iz
    spi.o(.text) refers to stm32f10x_spi.o(.text) for SPI_I2S_GetFlagStatus
    spi.o(.text) refers to stm32f10x_rcc.o(.text) for RCC_APB2PeriphClockCmd
    spi.o(.text) refers to stm32f10x_gpio.o(.text) for GPIO_Init
    24l01.o(.text) refers to stm32f10x_rcc.o(.text) for RCC_APB2PeriphClockCmd
    24l01.o(.text) refers to stm32f10x_gpio.o(.text) for GPIO_Init
    24l01.o(.text) refers to spi.o(.text) for SPI2_Init
    24l01.o(.text) refers to stm32f10x_spi.o(.text) for SPI_Cmd
    24l01.o(.text) refers to 24l01.o(.constdata) for RX_ADDRESS
    delay.o(.text) refers to misc.o(.text) for SysTick_CLKSourceConfig
    delay.o(.text) refers to system_stm32f10x.o(.data) for SystemCoreClock
    delay.o(.text) refers to delay.o(.data) for fac_us
    sys.o(.text) refers to misc.o(.text) for NVIC_PriorityGroupConfig
    usart.o(.text) refers (Special) to use_no_semi_2.o(.text) for __use_no_semihosting
    usart.o(.text) refers to stm32f10x_rcc.o(.text) for RCC_APB2PeriphClockCmd
    usart.o(.text) refers to stm32f10x_gpio.o(.text) for GPIO_Init
    usart.o(.text) refers to misc.o(.text) for NVIC_Init
    usart.o(.text) refers to stm32f10x_usart.o(.text) for USART_Init
    usart.o(.text) refers to usart.o(.data) for USART_RX_STA
    usart.o(.text) refers to usart.o(.bss) for USART_RX_BUF
    usart.o(.bss) refers (Special) to use_no_semi_2.o(.text) for __use_no_semihosting
    usart.o(.data) refers (Special) to use_no_semi_2.o(.text) for __use_no_semihosting
    startup_stm32f10x_md.o(STACK) refers (Special) to heapauxi.o(.text) for __use_two_region_memory
    startup_stm32f10x_md.o(HEAP) refers (Special) to heapauxi.o(.text) for __use_two_region_memory
    startup_stm32f10x_md.o(RESET) refers (Special) to heapauxi.o(.text) for __use_two_region_memory
    startup_stm32f10x_md.o(RESET) refers to startup_stm32f10x_md.o(STACK) for __initial_sp
    startup_stm32f10x_md.o(RESET) refers to startup_stm32f10x_md.o(.text) for Reset_Handler
    startup_stm32f10x_md.o(RESET) refers to stm32f10x_it.o(.text) for NMI_Handler
    startup_stm32f10x_md.o(RESET) refers to usart.o(.text) for USART1_IRQHandler
    startup_stm32f10x_md.o(.text) refers (Special) to heapauxi.o(.text) for __use_two_region_memory
    startup_stm32f10x_md.o(.text) refers to system_stm32f10x.o(.text) for SystemInit
    startup_stm32f10x_md.o(.text) refers to __main.o(!!!main) for __main
[...]
    ../clib/angel/kernel.s                   0x00000000   Number         0  __rtentry4.o ABSOLUTE
    ../clib/angel/kernel.s                   0x00000000   Number         0  rtexit.o ABSOLUTE
    ../clib/angel/kernel.s                   0x00000000   Number         0  rtexit2.o ABSOLUTE
    ../clib/angel/kernel.s                   0x00000000   Number         0  __rtentry.o ABSOLUTE
    ../clib/angel/rt.s                       0x00000000   Number         0  rt_raise.o ABSOLUTE
    ../clib/angel/scatter.s                  0x00000000   Number         0  __scatter.o ABSOLUTE
    ../clib/angel/startup.s                  0x00000000   Number         0  __main.o ABSOLUTE
    ../clib/angel/sys.s                      0x00000000   Number         0  use_no_semi.o ABSOLUTE
    ../clib/angel/sys.s                      0x00000000   Number         0  sys_stackheap_outer.o ABSOLUTE
    ../clib/angel/sys.s                      0x00000000   Number         0  use_no_semi_2.o ABSOLUTE
    ../clib/angel/sys.s                      0x00000000   Number         0  indicate_semi.o ABSOLUTE
    ../clib/angel/sys.s                      0x00000000   Number         0  libspace.o ABSOLUTE
    ../clib/angel/sysapp.c                   0x00000000   Number         0  sys_wrch.o ABSOLUTE
    ../clib/angel/sysapp.c                   0x00000000   Number         0  sys_command.o ABSOLUTE
    ../clib/armsys.c                         0x00000000   Number         0  argv_veneer.o ABSOLUTE
    ../clib/armsys.c                         0x00000000   Number         0  no_argv.o ABSOLUTE
    ../clib/armsys.c                         0x00000000   Number         0  _get_argv_nomalloc.o ABSOLUTE
    ../clib/armsys.c                         0x00000000   Number         0  argv_veneer.o ABSOLUTE
    ../clib/heapalloc.c                      0x00000000   Number         0  hrguard.o ABSOLUTE
    ../clib/heapaux.c                        0x00000000   Number         0  heapauxi.o ABSOLUTE
    ../clib/libinit.s                        0x00000000   Number         0  libinit.o ABSOLUTE
    ../clib/libinit.s                        0x00000000   Number         0  libshutdown2.o ABSOLUTE
    ../clib/libinit.s                        0x00000000   Number         0  libinit2.o ABSOLUTE
    ../clib/libinit.s                        0x00000000   Number         0  libshutdown.o ABSOLUTE
    ../clib/misc.s                           0x00000000   Number         0  printf_stubs.o ABSOLUTE
    ../clib/printf.c                         0x00000000   Number         0  noretval__2printf.o ABSOLUTE
    ../clib/printf.c                         0x00000000   Number         0  __2printf.o ABSOLUTE
    ../clib/printf.c                         0x00000000   Number         0  _printf_pad.o ABSOLUTE
    ../clib/printf.c                         0x00000000   Number         0  __printf_nopercent.o ABSOLUTE
    ../clib/printf.c                         0x00000000   Number         0  _printf_char_file.o ABSOLUTE
    ../clib/printf.c                         0x00000000   Number         0  __printf_flags_ss.o ABSOLUTE
    ../clib/printf.c                         0x00000000   Number         0  __printf_ss.o ABSOLUTE
    ../clib/printf.c                         0x00000000   Number         0  __printf_flags.o ABSOLUTE
    ../clib/printf.c                         0x00000000   Number         0  _printf_char_common.o ABSOLUTE
    ../clib/printf.c                         0x00000000   Number         0  _printf_dec.o ABSOLUTE
    ../clib/printf.c                         0x00000000   Number         0  __printf_wp.o ABSOLUTE
    ../clib/printf.c                         0x00000000   Number         0  _printf_intcommon.o ABSOLUTE
    ../clib/printf.c                         0x00000000   Number         0  __printf.o ABSOLUTE
    ../clib/printf.c                         0x00000000   Number         0  __printf_flags_wp.o ABSOLUTE
    ../clib/printf.c                         0x00000000   Number         0  __printf_ss_wp.o ABSOLUTE
    ../clib/printf.c                         0x00000000   Number         0  __printf_flags_ss_wp.o ABSOLUTE
    ../clib/printf_percent.s                 0x00000000   Number         0  _printf_percent_end.o ABSOLUTE
    ../clib/printf_percent.s                 0x00000000   Number         0  _printf_percent.o ABSOLUTE
    ../clib/printf_percent.s                 0x00000000   Number         0  _printf_d.o ABSOLUTE
    ../clib/signal.c                         0x00000000   Number         0  defsig_general.o ABSOLUTE
    ../clib/signal.c                         0x00000000   Number         0  __raise.o ABSOLUTE
    ../clib/signal.c                         0x00000000   Number         0  defsig_rtmem_inner.o ABSOLUTE
    ../clib/signal.c                         0x00000000   Number         0  defsig_exit.o ABSOLUTE
    ../clib/signal.c                         0x00000000   Number         0  defsig_rtmem_outer.o ABSOLUTE
    ../clib/signal.c                         0x00000000   Number         0  defsig_stak_inner.o ABSOLUTE
    ../clib/signal.c                         0x00000000   Number         0  defsig_rtmem_formal.o ABSOLUTE
    ../clib/signal.c                         0x00000000   Number         0  defsig_other.o ABSOLUTE
    ../clib/signal.c                         0x00000000   Number         0  defsig_segv_inner.o ABSOLUTE
    ../clib/signal.c                         0x00000000   Number         0  defsig_cppl_inner.o ABSOLUTE
    ../clib/signal.c                         0x00000000   Number         0  defsig_pvfn_inner.o ABSOLUTE
    ../clib/signal.c                         0x00000000   Number         0  defsig_rtred_inner.o ABSOLUTE
    ../clib/signal.c                         0x00000000   Number         0  defsig_fpe_inner.o ABSOLUTE
    ../clib/signal.c                         0x00000000   Number         0  defsig_abrt_inner.o ABSOLUTE
    ../clib/signal.s                         0x00000000   Number         0  defsig.o ABSOLUTE
    ../clib/stdio.c                          0x00000000   Number         0  ferror.o ABSOLUTE
    ../clib/stdio.c                          0x00000000   Number         0  ferror_locked.o ABSOLUTE
    ../clib/stdlib.c                         0x00000000   Number         0  exit.o ABSOLUTE
    ../fplib/daddsub.s                       0x00000000   Number         0  daddsub_clz.o ABSOLUTE
    ../fplib/ddiv.s                          0x00000000   Number         0  ddiv.o ABSOLUTE
    ../fplib/dfix.s                          0x00000000   Number         0  dfix.o ABSOLUTE
    ../fplib/dflt.s                          0x00000000   Number         0  dflt_clz.o ABSOLUTE
    ../fplib/dnaninf.s                       0x00000000   Number         0  dnaninf.o ABSOLUTE
    ../fplib/dretinf.s                       0x00000000   Number         0  dretinf.o ABSOLUTE
    ../fplib/fpinit.s                        0x00000000   Number         0  fpinit.o ABSOLUTE
    ../fplib/usenofp.s                       0x00000000   Number         0  usenofp.o ABSOLUTE
    ..\CORE\core_cm3.c                       0x00000000   Number         0  core_cm3.o ABSOLUTE
    ..\CORE\startup_stm32f10x_md.s           0x00000000   Number         0  startup_stm32f10x_md.o ABSOLUTE
    ..\HARDWARE\IIC\I2C.c                    0x00000000   Number         0  i2c.o ABSOLUTE
    ..\HARDWARE\KEY\key.c                    0x00000000   Number         0  key.o ABSOLUTE
    ..\HARDWARE\LED\led.c                    0x00000000   Number         0  led.o ABSOLUTE
    ..\HARDWARE\MPU6050\mpu6050.c            0x00000000   Number         0  mpu6050.o ABSOLUTE
    ..\HARDWARE\NRF24L01\24l01.c             0x00000000   Number         0  24l01.o ABSOLUTE
    ..\HARDWARE\SPI\spi.c                    0x00000000   Number         0  spi.o ABSOLUTE
    ..\STM32F10x_FWLib\src\misc.c            0x00000000   Number         0  misc.o ABSOLUTE
    ..\STM32F10x_FWLib\src\stm32f10x_exti.c  0x00000000   Number         0  stm32f10x_exti.o ABSOLUTE
    ..\STM32F10x_FWLib\src\stm32f10x_gpio.c  0x00000000   Number         0  stm32f10x_gpio.o ABSOLUTE
    ..\STM32F10x_FWLib\src\stm32f10x_rcc.c   0x00000000   Number         0  stm32f10x_rcc.o ABSOLUTE
    ..\STM32F10x_FWLib\src\stm32f10x_spi.c   0x00000000   Number         0  stm32f10x_spi.o ABSOLUTE
    ..\STM32F10x_FWLib\src\stm32f10x_usart.c 0x00000000   Number         0  stm32f10x_usart.o ABSOLUTE
    ..\SYSTEM\delay\delay.c                  0x00000000   Number         0  delay.o ABSOLUTE
    ..\SYSTEM\sys\sys.c                      0x00000000   Number         0  sys.o ABSOLUTE
    ..\SYSTEM\usart\usart.c                  0x00000000   Number         0  usart.o ABSOLUTE
    ..\USB\CONFIG\hw_config.c                0x00000000   Number         0  hw_config.o ABSOLUTE
    ..\USB\CONFIG\usb_desc.c                 0x00000000   Number         0  usb_desc.o ABSOLUTE
    ..\USB\CONFIG\usb_istr.c                 0x00000000   Number         0  usb_istr.o ABSOLUTE
    ..\USB\CONFIG\usb_prop.c                 0x00000000   Number         0  usb_prop.o ABSOLUTE
    ..\USB\CONFIG\usb_pwr.c                  0x00000000   Number         0  usb_pwr.o ABSOLUTE
    ..\USB\LIB\usb_core.c                    0x00000000   Number         0  usb_core.o ABSOLUTE
    ..\USB\LIB\usb_init.c                    0x00000000   Number         0  usb_init.o ABSOLUTE
    ..\USB\LIB\usb_int.c                     0x00000000   Number         0  usb_int.o ABSOLUTE
    ..\USB\LIB\usb_mem.c                     0x00000000   Number         0  usb_mem.o ABSOLUTE
    ..\USB\LIB\usb_regs.c                    0x00000000   Number         0  usb_regs.o ABSOLUTE
    ..\\CORE\\core_cm3.c                     0x00000000   Number         0  core_cm3.o ABSOLUTE
    dc.s                                     0x00000000   Number         0  dc.o ABSOLUTE
    main.c                                   0x00000000   Number         0  main.o ABSOLUTE
    stm32f10x_it.c                           0x00000000   Number         0  stm32f10x_it.o ABSOLUTE
    system_stm32f10x.c                       0x00000000   Number         0  system_stm32f10x.o ABSOLUTE
    RESET                                    0x08000000   Section      236  startup_stm32f10x_md.o(RESET)
    !!!main                                  0x080000ec   Section        8  __main.o(!!!main)
    !!!scatter                               0x080000f4   Section       52  __scatter.o(!!!scatter)
    !!dczerorl2                              0x08000128   Section       90  __dczerorl2.o(!!dczerorl2)
    !!handler_zi                             0x08000184   Section       28  __scatter_zi.o(!!handler_zi)
    .ARM.Collect$$_printf_percent$$00000000  0x080001a0   Section        0  _printf_percent.o(.ARM.Collect$$_printf_percent$$00000000)
    .ARM.Collect$$_printf_percent$$00000009  0x080001a0   Section        6  _printf_d.o(.ARM.Collect$$_printf_percent$$00000009)
    .ARM.Collect$$_printf_percent$$00000017  0x080001a6   Section        4  _printf_percent_end.o(.ARM.Collect$$_printf_percent$$00000017)
    .ARM.Collect$$libinit$$00000000          0x080001aa   Section        2  libinit.o(.ARM.Collect$$libinit$$00000000)
    .ARM.Collect$$libinit$$00000002          0x080001ac   Section        0  libinit2.o(.ARM.Collect$$libinit$$00000002)
    .ARM.Collect$$libinit$$00000004          0x080001ac   Section        0  libinit2.o(.ARM.Collect$$libinit$$00000004)
    .ARM.Collect$$libinit$$0000000A          0x080001ac   Section        0  libinit2.o(.ARM.Collect$$libinit$$0000000A)
    .ARM.Collect$$libinit$$0000000C          0x080001ac   Section        0  libinit2.o(.ARM.Collect$$libinit$$0000000C)
    .ARM.Collect$$libinit$$0000000E          0x080001ac   Section        0  libinit2.o(.ARM.Collect$$libinit$$0000000E)
    .ARM.Collect$$libinit$$00000011          0x080001ac   Section        0  libinit2.o(.ARM.Collect$$libinit$$00000011)
    .ARM.Collect$$libinit$$00000013          0x080001ac   Section        0  libinit2.o(.ARM.Collect$$libinit$$00000013)
    .ARM.Collect$$libinit$$00000015          0x080001ac   Section        0  libinit2.o(.ARM.Collect$$libinit$$00000015)
    .ARM.Collect$$libinit$$00000017          0x080001ac   Section        0  libinit2.o(.ARM.Collect$$libinit$$00000017)
    .ARM.Collect$$libinit$$00000019          0x080001ac   Section        0  libinit2.o(.ARM.Collect$$libinit$$00000019)
    .ARM.Collect$$libinit$$0000001B          0x080001ac   Section        0  libinit2.o(.ARM.Collect$$libinit$$0000001B)
    .ARM.Collect$$libinit$$0000001D          0x080001ac   Section        0  libinit2.o(.ARM.Collect$$libinit$$0000001D)
    .ARM.Collect$$libinit$$0000001F          0x080001ac   Section        0  libinit2.o(.ARM.Collect$$libinit$$0000001F)
    .ARM.Collect$$libinit$$00000021          0x080001ac   Section        0  libinit2.o(.ARM.Collect$$libinit$$00000021)
    .ARM.Collect$$libinit$$00000023          0x080001ac   Section        0  libinit2.o(.ARM.Collect$$libinit$$00000023)
    .ARM.Collect$$libinit$$00000025          0x080001ac   Section        0  libinit2.o(.ARM.Collect$$libinit$$00000025)
    .ARM.Collect$$libinit$$0000002C          0x080001ac   Section        0  libinit2.o(.ARM.Collect$$libinit$$0000002C)
    .ARM.Collect$$libinit$$0000002E          0x080001ac   Section        0  libinit2.o(.ARM.Collect$$libinit$$0000002E)
    .ARM.Collect$$libinit$$00000030          0x080001ac   Section        0  libinit2.o(.ARM.Collect$$libinit$$00000030)
    .ARM.Collect$$libinit$$00000032          0x080001ac   Section        0  libinit2.o(.ARM.Collect$$libinit$$00000032)
    .ARM.Collect$$libinit$$00000033          0x080001ac   Section        2  libinit2.o(.ARM.Collect$$libinit$$00000033)
    .ARM.Collect$$libshutdown$$00000000      0x080001ae   Section        2  libshutdown.o(.ARM.Collect$$libshutdown$$00000000)
    .ARM.Collect$$libshutdown$$00000002      0x080001b0   Section        0  libshutdown2.o(.ARM.Collect$$libshutdown$$00000002)
    .ARM.Collect$$libshutdown$$00000004      0x080001b0   Section        0  libshutdown2.o(.ARM.Collect$$libshutdown$$00000004)
    .ARM.Collect$$libshutdown$$00000007      0x080001b0   Section        0  libshutdown2.o(.ARM.Collect$$libshutdown$$00000007)
    .ARM.Collect$$libshutdown$$0000000A      0x080001b0   Section        0  libshutdown2.o(.ARM.Collect$$libshutdown$$0000000A)
    .ARM.Collect$$libshutdown$$0000000C      0x080001b0   Section        0  libshutdown2.o(.ARM.Collect$$libshutdown$$0000000C)
    .ARM.Collect$$libshutdown$$0000000F      0x080001b0   Section        0  libshutdown2.o(.ARM.Collect$$libshutdown$$0000000F)
    .ARM.Collect$$libshutdown$$00000010      0x080001b0   Section        2  libshutdown2.o(.ARM.Collect$$libshutdown$$00000010)
    .ARM.Collect$$rtentry$$00000000          0x080001b2   Section        0  __rtentry.o(.ARM.Collect$$rtentry$$00000000)
    .ARM.Collect$$rtentry$$00000002          0x080001b2   Section        0  __rtentry2.o(.ARM.Collect$$rtentry$$00000002)
    .ARM.Collect$$rtentry$$00000004          0x080001b2   Section        6  __rtentry4.o(.ARM.Collect$$rtentry$$00000004)
    .ARM.Collect$$rtentry$$00000009          0x080001b8   Section        0  __rtentry2.o(.ARM.Collect$$rtentry$$00000009)
    .ARM.Collect$$rtentry$$0000000A          0x080001b8   Section        4  __rtentry2.o(.ARM.Collect$$rtentry$$0000000A)
    .ARM.Collect$$rtentry$$0000000C          0x080001bc   Section        0  __rtentry2.o(.ARM.Collect$$rtentry$$0000000C)
    .ARM.Collect$$rtentry$$0000000D          0x080001bc   Section        8  __rtentry2.o(.ARM.Collect$$rtentry$$0000000D)
    .ARM.Collect$$rtexit$$00000000           0x080001c4   Section        2  rtexit.o(.ARM.Collect$$rtexit$$00000000)
    .ARM.Collect$$rtexit$$00000002           0x080001c6   Section        0  rtexit2.o(.ARM.Collect$$rtexit$$00000002)
    .ARM.Collect$$rtexit$$00000003           0x080001c6   Section        4  rtexit2.o(.ARM.Collect$$rtexit$$00000003)
    .ARM.Collect$$rtexit$$00000004           0x080001ca   Section        6  rtexit2.o(.ARM.Collect$$rtexit$$00000004)
    .text                                    0x080001d0   Section        0  main.o(.text)
    .text                                    0x0800035c   Section        0  stm32f10x_it.o(.text)
    .text                                    0x0800038c   Section        0  system_stm32f10x.o(.text)
    SetSysClockTo72                          0x0800038d   Thumb Code   214  system_stm32f10x.o(.text)
    SetSysClock                              0x08000463   Thumb Code     8  system_stm32f10x.o(.text)
    .text                                    0x0800056c   Section        0  led.o(.text)
    .text                                    0x080005b8   Section        0  key.o(.text)
    .text                                    0x08000680   Section        0  i2c.o(.text)
    .text                                    0x080008b8   Section        0  mpu6050.o(.text)
    .text                                    0x08000a84   Section        0  spi.o(.text)
    .text                                    0x08000b8c   Section        0  24l01.o(.text)
    .text                                    0x08000ed0   Section        0  delay.o(.text)
    .text                                    0x08000fa4   Section        0  sys.o(.text)
    .text                                    0x08000fb0   Section        0  usart.o(.text)
    .text                                    0x080010f0   Section       64  startup_stm32f10x_md.o(.text)
    .text                                    0x08001130   Section        0  misc.o(.text)
    .text                                    0x0800120c   Section        0  stm32f10x_gpio.o(.text)
    .text                                    0x08001568   Section        0  stm32f10x_rcc.o(.text)
    .text                                    0x0800190c   Section        0  stm32f10x_usart.o(.text)
    .text                                    0x08001d14   Section        0  stm32f10x_exti.o(.text)
    .text                                    0x08001e30   Section        0  stm32f10x_spi.o(.text)
    .text                                    0x0800213c   Section        0  usb_core.o(.text)
    DataStageOut                             0x0800254f   Thumb Code   166  usb_core.o(.text)
    DataStageIn                              0x080025f5   Thumb Code   166  usb_core.o(.text)
    NoData_Setup0                            0x0800269b   Thumb Code   302  usb_core.o(.text)
    Data_Setup0                              0x080027c9   Thumb Code   676  usb_core.o(.text)
    .text                                    0x08002c5c   Section        0  usb_int.o(.text)
    .text                                    0x08003030   Section        0  usb_mem.o(.text)
    .text                                    0x0800308c   Section        0  usb_regs.o(.text)
    .text                                    0x08003844   Section        0  hw_config.o(.text)
    .text                                    0x0800395c   Section        0  usb_istr.o(.text)
    .text                                    0x08003a54   Section        0  usb_prop.o(.text)
    .text                                    0x08003c8c   Section        0  usb_pwr.o(.text)
    .text                                    0x08003dc4   Section        2  use_no_semi_2.o(.text)
    .text                                    0x08003dc8   Section        0  noretval__2printf.o(.text)
    .text                                    0x08003de0   Section        0  _printf_pad.o(.text)
    .text                                    0x08003e30   Section        0  _printf_dec.o(.text)
    .text                                    0x08003ea8   Section        0  __printf_wp.o(.text)
    .text                                    0x08003fb6   Section        0  heapauxi.o(.text)
    .text                                    0x08003fbc   Section        2  use_no_semi.o(.text)
    .text                                    0x08003fbe   Section        0  _printf_intcommon.o(.text)
    .text                                    0x08004070   Section        0  _printf_char_file.o(.text)
    .text                                    0x08004094   Section        0  _printf_char_common.o(.text)
    _printf_input_char                       0x08004095   Thumb Code    10  _printf_char_common.o(.text)
    .text                                    0x080040c4   Section        0  ferror.o(.text)
    .text                                    0x080040cc   Section       74  sys_stackheap_outer.o(.text)
    .text                                    0x08004116   Section        0  exit.o(.text)
    .text                                    0x08004128   Section        8  libspace.o(.text)
    i._is_digit                              0x08004130   Section        0  __printf_wp.o(i._is_digit)
    x$fpl$dadd                               0x08004140   Section      336  daddsub_clz.o(x$fpl$dadd)
    _dadd1                                   0x08004151   Thumb Code     0  daddsub_clz.o(x$fpl$dadd)
    x$fpl$ddiv                               0x08004290   Section      688  ddiv.o(x$fpl$ddiv)
    ddiv_entry                               0x08004297   Thumb Code     0  ddiv.o(x$fpl$ddiv)
    x$fpl$dfix                               0x08004540   Section       94  dfix.o(x$fpl$dfix)
    x$fpl$dflt                               0x0800459e   Section       46  dflt_clz.o(x$fpl$dflt)
    x$fpl$dnaninf                            0x080045cc   Section      156  dnaninf.o(x$fpl$dnaninf)
    x$fpl$dretinf                            0x08004668   Section       12  dretinf.o(x$fpl$dretinf)
    x$fpl$dsub                               0x08004674   Section      468  daddsub_clz.o(x$fpl$dsub)
    _dsub1                                   0x08004685   Thumb Code     0  daddsub_clz.o(x$fpl$dsub)
    .constdata                               0x08004848   Section       10  24l01.o(.constdata)
    x$fpl$usenofp                            0x08004848   Section        0  usenofp.o(x$fpl$usenofp)
    .constdata                               0x08004852   Section      190  usb_desc.o(.constdata)
    .data                                    0x20000000   Section       20  system_stm32f10x.o(.data)
    .data                                    0x20000014   Section        1  key.o(.data)
    key_up                                   0x20000014   Data           1  key.o(.data)
    .data                                    0x20000016   Section        4  delay.o(.data)
    fac_us                                   0x20000016   Data           1  delay.o(.data)
    fac_ms                                   0x20000018   Data           2  delay.o(.data)
    .data                                    0x2000001c   Section        6  usart.o(.data)
    .data                                    0x20000022   Section       20  stm32f10x_rcc.o(.data)
    APBAHBPrescTable                         0x20000022   Data          16  stm32f10x_rcc.o(.data)
    ADCPrescTable                            0x20000032   Data           4  stm32f10x_rcc.o(.data)
    .data                                    0x20000036   Section        3  usb_core.o(.data)
    .data                                    0x2000003c   Section       20  usb_init.o(.data)
    .data                                    0x20000050   Section        4  usb_int.o(.data)
    .data                                    0x20000054   Section       26  usb_desc.o(.data)
    .data                                    0x20000070   Section       60  usb_istr.o(.data)
    .data                                    0x200000ac   Section      156  usb_prop.o(.data)
    .data                                    0x20000148   Section        7  usb_pwr.o(.data)
    .bss                                     0x20000150   Section      200  usart.o(.bss)
    .bss                                     0x20000218   Section       28  usb_init.o(.bss)
    .bss                                     0x20000234   Section       96  libspace.o(.bss)
    HEAP                                     0x20000298   Section      512  startup_stm32f10x_md.o(HEAP)
    Heap_Mem                                 0x20000298   Data         512  startup_stm32f10x_md.o(HEAP)
    STACK                                    0x20000498   Section     1024  startup_stm32f10x_md.o(STACK)
    Stack_Mem                                0x20000498   Data        1024  startup_stm32f10x_md.o(STACK)
    __initial_sp                             0x20000898   Data           0  startup_stm32f10x_md.o(STACK)

    Global Symbols

    Symbol Name                              Value     Ov Type        Size  Object(Section)

    BuildAttributes$$THM_ISAv4$P$D$K$B$S$PE$A:L22UL41UL21$X:L11$S22US41US21$IEEE1$IW$USESV6$~STKCKD$USESV7$~SHL$OSPACE$ROPI$EBA8$UX$STANDARDLIB$REQ8$PRES8$EABIv2 0x00000000   Number         0  anon$$obj.o ABSOLUTE
    __ARM_use_no_argv                        0x00000000   Number         0  main.o ABSOLUTE
    _printf_flags                            0x00000000   Number         0  printf_stubs.o ABSOLUTE
    _printf_return_value                     0x00000000   Number         0  printf_stubs.o ABSOLUTE
    _printf_sizespec                         0x00000000   Number         0  printf_stubs.o ABSOLUTE
    _printf_widthprec                        0x00000000   Number         0  printf_stubs.o ABSOLUTE
    __ARM_exceptions_init                     - Undefined Weak Reference
    __alloca_initialize                       - Undefined Weak Reference
    __arm_preinit_                            - Undefined Weak Reference
    __cpp_initialize__aeabi_                  - Undefined Weak Reference
    __cxa_finalize                            - Undefined Weak Reference
    __rt_locale                               - Undefined Weak Reference
    __sigvec_lookup                           - Undefined Weak Reference
    _atexit_init                              - Undefined Weak Reference
    _call_atexit_fns                          - Undefined Weak Reference
    _clock_init                               - Undefined Weak Reference
    _fp_trap_init                             - Undefined Weak Reference
    _fp_trap_shutdown                         - Undefined Weak Reference
    _get_lc_collate                           - Undefined Weak Reference
    _get_lc_ctype                             - Undefined Weak Reference
    _get_lc_monetary                          - Undefined Weak Reference
    _get_lc_numeric                           - Undefined Weak Reference
    _get_lc_time                              - Undefined Weak Reference
    _getenv_init                              - Undefined Weak Reference
    _handle_redirection                       - Undefined Weak Reference
    _init_alloc                               - Undefined Weak Reference
    _init_user_alloc                          - Undefined Weak Reference
    _initio                                   - Undefined Weak Reference
    _mutex_acquire                            - Undefined Weak Reference
    _mutex_release                            - Undefined Weak Reference
    _printf_truncate_signed                   - Undefined Weak Reference
    _printf_truncate_unsigned                 - Undefined Weak Reference
    _rand_init                                - Undefined Weak Reference
    _signal_finish                            - Undefined Weak Reference
    _signal_init                              - Undefined Weak Reference
    _terminate_alloc                          - Undefined Weak Reference
    _terminate_user_alloc                     - Undefined Weak Reference
    _terminateio                              - Undefined Weak Reference
    __Vectors_Size                           0x000000ec   Number         0  startup_stm32f10x_md.o ABSOLUTE
    __Vectors                                0x08000000   Data           4  startup_stm32f10x_md.o(RESET)
    __Vectors_End                            0x080000ec   Data           0  startup_stm32f10x_md.o(RESET)
    __main                                   0x080000ed   Thumb Code     8  __main.o(!!!main)
    __scatterload                            0x080000f5   Thumb Code     0  __scatter.o(!!!scatter)
    __scatterload_rt2                        0x080000f5   Thumb Code    44  __scatter.o(!!!scatter)
    __scatterload_rt2_thumb_only             0x080000f5   Thumb Code     0  __scatter.o(!!!scatter)
    __scatterload_null                       0x08000103   Thumb Code     0  __scatter.o(!!!scatter)
    __decompress                             0x08000129   Thumb Code    90  __dczerorl2.o(!!dczerorl2)
    __decompress1                            0x08000129   Thumb Code     0  __dczerorl2.o(!!dczerorl2)
    __scatterload_zeroinit                   0x08000185   Thumb Code    28  __scatter_zi.o(!!handler_zi)
    _printf_d                                0x080001a1   Thumb Code     0  _printf_d.o(.ARM.Collect$$_printf_percent$$00000009)
    _printf_percent                          0x080001a1   Thumb Code     0  _printf_percent.o(.ARM.Collect$$_printf_percent$$00000000)
    _printf_percent_end                      0x080001a7   Thumb Code     0  _printf_percent_end.o(.ARM.Collect$$_printf_percent$$00000017)
    __rt_lib_init                            0x080001ab   Thumb Code     0  libinit.o(.ARM.Collect$$libinit$$00000000)
    __rt_lib_init_alloca_1                   0x080001ad   Thumb Code     0  libinit2.o(.ARM.Collect$$libinit$$0000002E)
    __rt_lib_init_argv_1                     0x080001ad   Thumb Code     0  libinit2.o(.ARM.Collect$$libinit$$0000002C)
    __rt_lib_init_atexit_1                   0x080001ad   Thumb Code     0  libinit2.o(.ARM.Collect$$libinit$$0000001B)
    __rt_lib_init_clock_1                    0x080001ad   Thumb Code     0  libinit2.o(.ARM.Collect$$libinit$$00000021)
    __rt_lib_init_cpp_1                      0x080001ad   Thumb Code     0  libinit2.o(.ARM.Collect$$libinit$$00000032)
    __rt_lib_init_exceptions_1               0x080001ad   Thumb Code     0  libinit2.o(.ARM.Collect$$libinit$$00000030)
    __rt_lib_init_fp_1                       0x080001ad   Thumb Code     0  libinit2.o(.ARM.Collect$$libinit$$00000002)
    __rt_lib_init_fp_trap_1                  0x080001ad   Thumb Code     0  libinit2.o(.ARM.Collect$$libinit$$0000001F)
    __rt_lib_init_getenv_1                   0x080001ad   Thumb Code     0  libinit2.o(.ARM.Collect$$libinit$$00000023)
    __rt_lib_init_heap_1                     0x080001ad   Thumb Code     0  libinit2.o(.ARM.Collect$$libinit$$0000000A)
    __rt_lib_init_lc_collate_1               0x080001ad   Thumb Code     0  libinit2.o(.ARM.Collect$$libinit$$00000011)
    __rt_lib_init_lc_ctype_1                 0x080001ad   Thumb Code     0  libinit2.o(.ARM.Collect$$libinit$$00000013)
    __rt_lib_init_lc_monetary_1              0x080001ad   Thumb Code     0  libinit2.o(.ARM.Collect$$libinit$$00000015)
    __rt_lib_init_lc_numeric_1               0x080001ad   Thumb Code     0  libinit2.o(.ARM.Collect$$libinit$$00000017)
    __rt_lib_init_lc_time_1                  0x080001ad   Thumb Code     0  libinit2.o(.ARM.Collect$$libinit$$00000019)
    __rt_lib_init_preinit_1                  0x080001ad   Thumb Code     0  libinit2.o(.ARM.Collect$$libinit$$00000004)
    __rt_lib_init_rand_1                     0x080001ad   Thumb Code     0  libinit2.o(.ARM.Collect$$libinit$$0000000E)
    __rt_lib_init_return                     0x080001ad   Thumb Code     0  libinit2.o(.ARM.Collect$$libinit$$00000033)
    __rt_lib_init_signal_1                   0x080001ad   Thumb Code     0  libinit2.o(.ARM.Collect$$libinit$$0000001D)
    __rt_lib_init_stdio_1                    0x080001ad   Thumb Code     0  libinit2.o(.ARM.Collect$$libinit$$00000025)
    __rt_lib_init_user_alloc_1               0x080001ad   Thumb Code     0  libinit2.o(.ARM.Collect$$libinit$$0000000C)
    __rt_lib_shutdown                        0x080001af   Thumb Code     0  libshutdown.o(.ARM.Collect$$libshutdown$$00000000)
    __rt_lib_shutdown_cpp_1                  0x080001b1   Thumb Code     0  libshutdown2.o(.ARM.Collect$$libshutdown$$00000002)
    __rt_lib_shutdown_fp_trap_1              0x080001b1   Thumb Code     0  libshutdown2.o(.ARM.Collect$$libshutdown$$00000007)
    __rt_lib_shutdown_heap_1                 0x080001b1   Thumb Code     0  libshutdown2.o(.ARM.Collect$$libshutdown$$0000000F)
    __rt_lib_shutdown_return                 0x080001b1   Thumb Code     0  libshutdown2.o(.ARM.Collect$$libshutdown$$00000010)
    __rt_lib_shutdown_signal_1               0x080001b1   Thumb Code     0  libshutdown2.o(.ARM.Collect$$libshutdown$$0000000A)
    __rt_lib_shutdown_stdio_1                0x080001b1   Thumb Code     0  libshutdown2.o(.ARM.Collect$$libshutdown$$00000004)
    __rt_lib_shutdown_user_alloc_1           0x080001b1   Thumb Code     0  libshutdown2.o(.ARM.Collect$$libshutdown$$0000000C)
    __rt_entry                               0x080001b3   Thumb Code     0  __rtentry.o(.ARM.Collect$$rtentry$$00000000)
    __rt_entry_presh_1                       0x080001b3   Thumb Code     0  __rtentry2.o(.ARM.Collect$$rtentry$$00000002)
    __rt_entry_sh                            0x080001b3   Thumb Code     0  __rtentry4.o(.ARM.Collect$$rtentry$$00000004)
    __rt_entry_li                            0x080001b9   Thumb Code     0  __rtentry2.o(.ARM.Collect$$rtentry$$0000000A)
    __rt_entry_postsh_1                      0x080001b9   Thumb Code     0  __rtentry2.o(.ARM.Collect$$rtentry$$00000009)
    __rt_entry_main                          0x080001bd   Thumb Code     0  __rtentry2.o(.ARM.Collect$$rtentry$$0000000D)
    __rt_entry_postli_1                      0x080001bd   Thumb Code     0  __rtentry2.o(.ARM.Collect$$rtentry$$0000000C)
    __rt_exit                                0x080001c5   Thumb Code     0  rtexit.o(.ARM.Collect$$rtexit$$00000000)
    __rt_exit_ls                             0x080001c7   Thumb Code     0  rtexit2.o(.ARM.Collect$$rtexit$$00000003)
    __rt_exit_prels_1                        0x080001c7   Thumb Code     0  rtexit2.o(.ARM.Collect$$rtexit$$00000002)
    __rt_exit_exit                           0x080001cb   Thumb Code     0  rtexit2.o(.ARM.Collect$$rtexit$$00000004)
    usb_abs                                  0x080001d1   Thumb Code    14  main.o(.text)
    usb_port_set                             0x080001df   Thumb Code    74  main.o(.text)
    main                                     0x08000229   Thumb Code   224  main.o(.text)
    NMI_Handler                              0x0800035d   Thumb Code     2  stm32f10x_it.o(.text)
    HardFault_Handler                        0x0800035f   Thumb Code     4  stm32f10x_it.o(.text)
    MemManage_Handler                        0x08000363   Thumb Code     4  stm32f10x_it.o(.text)
    BusFault_Handler                         0x08000367   Thumb Code     4  stm32f10x_it.o(.text)
    UsageFault_Handler                       0x0800036b   Thumb Code     4  stm32f10x_it.o(.text)
    SVC_Handler                              0x0800036f   Thumb Code     2  stm32f10x_it.o(.text)
    DebugMon_Handler                         0x08000371   Thumb Code     2  stm32f10x_it.o(.text)
    PendSV_Handler                           0x08000373   Thumb Code     2  stm32f10x_it.o(.text)
    SysTick_Handler                          0x08000375   Thumb Code     2  stm32f10x_it.o(.text)
    USB_HP_CAN_TX_IRQHandler                 0x08000377   Thumb Code     2  stm32f10x_it.o(.text)
    USB_LP_CAN1_RX0_IRQHandler               0x08000379   Thumb Code     8  stm32f10x_it.o(.text)
    USBWakeUp_IRQHandler                     0x08000381   Thumb Code    12  stm32f10x_it.o(.text)
    SystemInit                               0x0800046b   Thumb Code    78  system_stm32f10x.o(.text)
    SystemCoreClockUpdate                    0x080004b9   Thumb Code   142  system_stm32f10x.o(.text)
    LED_Init                                 0x0800056d   Thumb Code    68  led.o(.text)
    KEY_Init                                 0x080005b9   Thumb Code    32  key.o(.text)
    KEY_Scan                                 0x080005d9   Thumb Code   158  key.o(.text)
    I2C_Init                                 0x08000681   Thumb Code    46  i2c.o(.text)
    I2C_SDA_OUT                              0x080006af   Thumb Code    30  i2c.o(.text)
    I2C_SDA_IN                               0x080006cd   Thumb Code    24  i2c.o(.text)
    I2C_Start                                0x080006e5   Thumb Code    52  i2c.o(.text)
    I2C_Stop                                 0x08000719   Thumb Code    52  i2c.o(.text)
    I2C_Ack                                  0x0800074d   Thumb Code    52  i2c.o(.text)
    I2C_NAck                                 0x08000781   Thumb Code    52  i2c.o(.text)
    I2C_Wait_Ack                             0x080007b5   Thumb Code    78  i2c.o(.text)
    I2C_Send_Byte                            0x08000803   Thumb Code    90  i2c.o(.text)
    I2C_Read_Byte                            0x0800085d   Thumb Code    86  i2c.o(.text)
    PMU6050_WriteReg                         0x080008b9   Thumb Code    46  mpu6050.o(.text)
    PMU6050_ReadData                         0x080008e7   Thumb Code    88  mpu6050.o(.text)
    MPU6050_Init                             0x0800093f   Thumb Code    44  mpu6050.o(.text)
    MPU6050ReadID                            0x0800096b   Thumb Code    28  mpu6050.o(.text)
    MPU6050ReadAcc                           0x08000987   Thumb Code    64  mpu6050.o(.text)
    MPU6050ReadGyro                          0x080009c7   Thumb Code    64  mpu6050.o(.text)
    MPU6050ReadTemp                          0x08000a07   Thumb Code    32  mpu6050.o(.text)
    MPU6050_ReturnTemp                       0x08000a27   Thumb Code    78  mpu6050.o(.text)
    SPI2_ReadWriteByte                       0x08000a85   Thumb Code    78  spi.o(.text)
    SPI2_Init                                0x08000ad3   Thumb Code   140  spi.o(.text)
    SPI2_SetSpeed                            0x08000b5f   Thumb Code    36  spi.o(.text)
    NRF24L01_Init                            0x08000b8d   Thumb Code   212  24l01.o(.text)
    NRF24L01_Read_Buf                        0x08000c61   Thumb Code    60  24l01.o(.text)
    NRF24L01_Write_Buf                       0x08000c9d   Thumb Code    60  24l01.o(.text)
    NRF24L01_Check                           0x08000cd9   Thumb Code    72  24l01.o(.text)
    NRF24L01_Write_Reg                       0x08000d21   Thumb Code    40  24l01.o(.text)
    NRF24L01_Read_Reg                        0x08000d49   Thumb Code    38  24l01.o(.text)
    NRF24L01_TxPacket                        0x08000d6f   Thumb Code    94  24l01.o(.text)
    NRF24L01_RxPacket                        0x08000dcd   Thumb Code    58  24l01.o(.text)
    NRF24L01_RX_Mode                         0x08000e07   Thumb Code    76  24l01.o(.text)
    NRF24L01_TX_Mode                         0x08000e53   Thumb Code    86  24l01.o(.text)
    delay_init                               0x08000ed1   Thumb Code    50  delay.o(.text)
    delay_us                                 0x08000f03   Thumb Code    72  delay.o(.text)
    delay_ms                                 0x08000f4b   Thumb Code    72  delay.o(.text)
    NVIC_Configuration                       0x08000fa5   Thumb Code    12  sys.o(.text)
    _sys_exit                                0x08000fb1   Thumb Code     6  usart.o(.text)
    fputc                                    0x08000fb7   Thumb Code    24  usart.o(.text)
    uart_init                                0x08000fcf   Thumb Code   152  usart.o(.text)
    USART1_IRQHandler                        0x08001067   Thumb Code   122  usart.o(.text)
    Reset_Handler                            0x080010f1   Thumb Code     8  startup_stm32f10x_md.o(.text)
    ADC1_2_IRQHandler                        0x0800110b   Thumb Code     0  startup_stm32f10x_md.o(.text)
    CAN1_RX1_IRQHandler                      0x0800110b   Thumb Code     0  startup_stm32f10x_md.o(.text)
    CAN1_SCE_IRQHandler                      0x0800110b   Thumb Code     0  startup_stm32f10x_md.o(.text)
    DMA1_Channel1_IRQHandler                 0x0800110b   Thumb Code     0  startup_stm32f10x_md.o(.text)
    DMA1_Channel2_IRQHandler                 0x0800110b   Thumb Code     0  startup_stm32f10x_md.o(.text)
    DMA1_Channel3_IRQHandler                 0x0800110b   Thumb Code     0  startup_stm32f10x_md.o(.text)
    DMA1_Channel4_IRQHandler                 0x0800110b   Thumb Code     0  startup_stm32f10x_md.o(.text)
    DMA1_Channel5_IRQHandler                 0x0800110b   Thumb Code     0  startup_stm32f10x_md.o(.text)
    DMA1_Channel6_IRQHandler                 0x0800110b   Thumb Code     0  startup_stm32f10x_md.o(.text)
    DMA1_Channel7_IRQHandler                 0x0800110b   Thumb Code     0  startup_stm32f10x_md.o(.text)
    EXTI0_IRQHandler                         0x0800110b   Thumb Code     0  startup_stm32f10x_md.o(.text)
    EXTI15_10_IRQHandler                     0x0800110b   Thumb Code     0  startup_stm32f10x_md.o(.text)
    EXTI1_IRQHandler                         0x0800110b   Thumb Code     0  startup_stm32f10x_md.o(.text)
    EXTI2_IRQHandler                         0x0800110b   Thumb Code     0  startup_stm32f10x_md.o(.text)
    EXTI3_IRQHandler                         0x0800110b   Thumb Code     0  startup_stm32f10x_md.o(.text)
    EXTI4_IRQHandler                         0x0800110b   Thumb Code     0  startup_stm32f10x_md.o(.text)
    EXTI9_5_IRQHandler                       0x0800110b   Thumb Code     0  startup_stm32f10x_md.o(.text)
    FLASH_IRQHandler                         0x0800110b   Thumb Code     0  startup_stm32f10x_md.o(.text)
    I2C1_ER_IRQHandler                       0x0800110b   Thumb Code     0  startup_stm32f10x_md.o(.text)
    I2C1_EV_IRQHandler                       0x0800110b   Thumb Code     0  startup_stm32f10x_md.o(.text)
    I2C2_ER_IRQHandler                       0x0800110b   Thumb Code     0  startup_stm32f10x_md.o(.text)
    I2C2_EV_IRQHandler                       0x0800110b   Thumb Code     0  startup_stm32f10x_md.o(.text)
    PVD_IRQHandler                           0x0800110b   Thumb Code     0  startup_stm32f10x_md.o(.text)
    RCC_IRQHandler                           0x0800110b   Thumb Code     0  startup_stm32f10x_md.o(.text)
    RTCAlarm_IRQHandler                      0x0800110b   Thumb Code     0  startup_stm32f10x_md.o(.text)
    RTC_IRQHandler                           0x0800110b   Thumb Code     0  startup_stm32f10x_md.o(.text)
    SPI1_IRQHandler                          0x0800110b   Thumb Code     0  startup_stm32f10x_md.o(.text)
    SPI2_IRQHandler                          0x0800110b   Thumb Code     0  startup_stm32f10x_md.o(.text)
    TAMPER_IRQHandler                        0x0800110b   Thumb Code     0  startup_stm32f10x_md.o(.text)
    TIM1_BRK_IRQHandler                      0x0800110b   Thumb Code     0  startup_stm32f10x_md.o(.text)
    TIM1_CC_IRQHandler                       0x0800110b   Thumb Code     0  startup_stm32f10x_md.o(.text)
    TIM1_TRG_COM_IRQHandler                  0x0800110b   Thumb Code     0  startup_stm32f10x_md.o(.text)
    TIM1_UP_IRQHandler                       0x0800110b   Thumb Code     0  startup_stm32f10x_md.o(.text)
    TIM2_IRQHandler                          0x0800110b   Thumb Code     0  startup_stm32f10x_md.o(.text)
    TIM3_IRQHandler                          0x0800110b   Thumb Code     0  startup_stm32f10x_md.o(.text)
    TIM4_IRQHandler                          0x0800110b   Thumb Code     0  startup_stm32f10x_md.o(.text)
    USART2_IRQHandler                        0x0800110b   Thumb Code     0  startup_stm32f10x_md.o(.text)
    USART3_IRQHandler                        0x0800110b   Thumb Code     0  startup_stm32f10x_md.o(.text)
    USB_HP_CAN1_TX_IRQHandler                0x0800110b   Thumb Code     0  startup_stm32f10x_md.o(.text)
    WWDG_IRQHandler                          0x0800110b   Thumb Code     0  startup_stm32f10x_md.o(.text)
    __user_initial_stackheap                 0x0800110d   Thumb Code     0  startup_stm32f10x_md.o(.text)
    NVIC_PriorityGroupConfig                 0x08001131   Thumb Code    10  misc.o(.text)
    NVIC_Init                                0x0800113b   Thumb Code   100  misc.o(.text)
    NVIC_SetVectorTable                      0x0800119f   Thumb Code    14  misc.o(.text)
    NVIC_SystemLPConfig                      0x080011ad   Thumb Code    34  misc.o(.text)
    SysTick_CLKSourceConfig                  0x080011cf   Thumb Code    40  misc.o(.text)
    GPIO_DeInit                              0x0800120d   Thumb Code   172  stm32f10x_gpio.o(.text)
    GPIO_AFIODeInit                          0x080012b9   Thumb Code    20  stm32f10x_gpio.o(.text)
    GPIO_Init                                0x080012cd   Thumb Code   278  stm32f10x_gpio.o(.text)
    GPIO_StructInit                          0x080013e3   Thumb Code    16  stm32f10x_gpio.o(.text)
    GPIO_ReadInputDataBit                    0x080013f3   Thumb Code    18  stm32f10x_gpio.o(.text)
    GPIO_ReadInputData                       0x08001405   Thumb Code     8  stm32f10x_gpio.o(.text)
    GPIO_ReadOutputDataBit                   0x0800140d   Thumb Code    18  stm32f10x_gpio.o(.text)
    GPIO_ReadOutputData                      0x0800141f   Thumb Code     8  stm32f10x_gpio.o(.text)
    GPIO_SetBits                             0x08001427   Thumb Code     4  stm32f10x_gpio.o(.text)
    GPIO_ResetBits                           0x0800142b   Thumb Code     4  stm32f10x_gpio.o(.text)
    GPIO_WriteBit                            0x0800142f   Thumb Code    10  stm32f10x_gpio.o(.text)
    GPIO_Write                               0x08001439   Thumb Code     4  stm32f10x_gpio.o(.text)
    GPIO_PinLockConfig                       0x0800143d   Thumb Code    18  stm32f10x_gpio.o(.text)
    GPIO_EventOutputConfig                   0x0800144f   Thumb Code    26  stm32f10x_gpio.o(.text)
    GPIO_EventOutputCmd                      0x08001469   Thumb Code     6  stm32f10x_gpio.o(.text)
    GPIO_PinRemapConfig                      0x0800146f   Thumb Code   138  stm32f10x_gpio.o(.text)
    GPIO_EXTILineConfig                      0x080014f9   Thumb Code    66  stm32f10x_gpio.o(.text)
    GPIO_ETH_MediaInterfaceConfig            0x0800153b   Thumb Code     8  stm32f10x_gpio.o(.text)
    RCC_DeInit                               0x08001569   Thumb Code    64  stm32f10x_rcc.o(.text)
    RCC_HSEConfig                            0x080015a9   Thumb Code    70  stm32f10x_rcc.o(.text)
    RCC_GetFlagStatus                        0x080015ef   Thumb Code    56  stm32f10x_rcc.o(.text)
    RCC_WaitForHSEStartUp                    0x08001627   Thumb Code    56  stm32f10x_rcc.o(.text)
    RCC_AdjustHSICalibrationValue            0x0800165f   Thumb Code    20  stm32f10x_rcc.o(.text)
    RCC_HSICmd                               0x08001673   Thumb Code     6  stm32f10x_rcc.o(.text)
    RCC_PLLConfig                            0x08001679   Thumb Code    24  stm32f10x_rcc.o(.text)
    RCC_PLLCmd                               0x08001691   Thumb Code     6  stm32f10x_rcc.o(.text)
    RCC_SYSCLKConfig                         0x08001697   Thumb Code    18  stm32f10x_rcc.o(.text)
    RCC_GetSYSCLKSource                      0x080016a9   Thumb Code    10  stm32f10x_rcc.o(.text)
    RCC_HCLKConfig                           0x080016b3   Thumb Code    18  stm32f10x_rcc.o(.text)
    RCC_PCLK1Config                          0x080016c5   Thumb Code    18  stm32f10x_rcc.o(.text)
    RCC_PCLK2Config                          0x080016d7   Thumb Code    20  stm32f10x_rcc.o(.text)
    RCC_ITConfig                             0x080016eb   Thumb Code    26  stm32f10x_rcc.o(.text)
    RCC_USBCLKConfig                         0x08001705   Thumb Code     8  stm32f10x_rcc.o(.text)
    RCC_ADCCLKConfig                         0x0800170d   Thumb Code    18  stm32f10x_rcc.o(.text)
    RCC_LSEConfig                            0x0800171f   Thumb Code    50  stm32f10x_rcc.o(.text)
    RCC_LSICmd                               0x08001751   Thumb Code     6  stm32f10x_rcc.o(.text)
    RCC_RTCCLKConfig                         0x08001757   Thumb Code    12  stm32f10x_rcc.o(.text)
    RCC_RTCCLKCmd                            0x08001763   Thumb Code     8  stm32f10x_rcc.o(.text)
    RCC_GetClocksFreq                        0x0800176b   Thumb Code   192  stm32f10x_rcc.o(.text)
    RCC_AHBPeriphClockCmd                    0x0800182b   Thumb Code    26  stm32f10x_rcc.o(.text)
    RCC_APB2PeriphClockCmd                   0x08001845   Thumb Code    26  stm32f10x_rcc.o(.text)
    RCC_APB1PeriphClockCmd                   0x0800185f   Thumb Code    26  stm32f10x_rcc.o(.text)
    RCC_APB2PeriphResetCmd                   0x08001879   Thumb Code    26  stm32f10x_rcc.o(.text)
    RCC_APB1PeriphResetCmd                   0x08001893   Thumb Code    26  stm32f10x_rcc.o(.text)
    RCC_BackupResetCmd                       0x080018ad   Thumb Code     8  stm32f10x_rcc.o(.text)
    RCC_ClockSecuritySystemCmd               0x080018b5   Thumb Code     6  stm32f10x_rcc.o(.text)
    RCC_MCOConfig                            0x080018bb   Thumb Code     6  stm32f10x_rcc.o(.text)
    RCC_ClearFlag                            0x080018c1   Thumb Code    14  stm32f10x_rcc.o(.text)
    RCC_GetITStatus                          0x080018cf   Thumb Code    20  stm32f10x_rcc.o(.text)
    RCC_ClearITPendingBit                    0x080018e3   Thumb Code     6  stm32f10x_rcc.o(.text)
    USART_DeInit                             0x0800190d   Thumb Code   134  stm32f10x_usart.o(.text)
    USART_Init                               0x08001993   Thumb Code   210  stm32f10x_usart.o(.text)
    USART_StructInit                         0x08001a65   Thumb Code    24  stm32f10x_usart.o(.text)
    USART_ClockInit                          0x08001a7d   Thumb Code    34  stm32f10x_usart.o(.text)
    USART_ClockStructInit                    0x08001a9f   Thumb Code    12  stm32f10x_usart.o(.text)
    USART_Cmd                                0x08001aab   Thumb Code    24  stm32f10x_usart.o(.text)
    USART_ITConfig                           0x08001ac3   Thumb Code    74  stm32f10x_usart.o(.text)
    USART_DMACmd                             0x08001b0d   Thumb Code    18  stm32f10x_usart.o(.text)
    USART_SetAddress                         0x08001b1f   Thumb Code    18  stm32f10x_usart.o(.text)
    USART_WakeUpConfig                       0x08001b31   Thumb Code    18  stm32f10x_usart.o(.text)
    USART_ReceiverWakeUpCmd                  0x08001b43   Thumb Code    24  stm32f10x_usart.o(.text)
    USART_LINBreakDetectLengthConfig         0x08001b5b   Thumb Code    18  stm32f10x_usart.o(.text)
    USART_LINCmd                             0x08001b6d   Thumb Code    24  stm32f10x_usart.o(.text)
    USART_SendData                           0x08001b85   Thumb Code     8  stm32f10x_usart.o(.text)
    USART_ReceiveData                        0x08001b8d   Thumb Code    10  stm32f10x_usart.o(.text)
    USART_SendBreak                          0x08001b97   Thumb Code    10  stm32f10x_usart.o(.text)
    USART_SetGuardTime                       0x08001ba1   Thumb Code    16  stm32f10x_usart.o(.text)
    USART_SetPrescaler                       0x08001bb1   Thumb Code    16  stm32f10x_usart.o(.text)
    USART_SmartCardCmd                       0x08001bc1   Thumb Code    24  stm32f10x_usart.o(.text)
    USART_SmartCardNACKCmd                   0x08001bd9   Thumb Code    24  stm32f10x_usart.o(.text)
    USART_HalfDuplexCmd                      0x08001bf1   Thumb Code    24  stm32f10x_usart.o(.text)
    USART_OverSampling8Cmd                   0x08001c09   Thumb Code    22  stm32f10x_usart.o(.text)
    USART_OneBitMethodCmd                    0x08001c1f   Thumb Code    24  stm32f10x_usart.o(.text)
    USART_IrDAConfig                         0x08001c37   Thumb Code    18  stm32f10x_usart.o(.text)
    USART_IrDACmd                            0x08001c49   Thumb Code    24  stm32f10x_usart.o(.text)
    USART_GetFlagStatus                      0x08001c61   Thumb Code    26  stm32f10x_usart.o(.text)
    USART_ClearFlag                          0x08001c7b   Thumb Code    18  stm32f10x_usart.o(.text)
    USART_GetITStatus                        0x08001c8d   Thumb Code    84  stm32f10x_usart.o(.text)
    USART_ClearITPendingBit                  0x08001ce1   Thumb Code    52  stm32f10x_usart.o(.text)
    EXTI_DeInit                              0x08001d15   Thumb Code    28  stm32f10x_exti.o(.text)
    EXTI_Init                                0x08001d31   Thumb Code   142  stm32f10x_exti.o(.text)
    EXTI_StructInit                          0x08001dbf   Thumb Code    16  stm32f10x_exti.o(.text)
    EXTI_GenerateSWInterrupt                 0x08001dcf   Thumb Code    16  stm32f10x_exti.o(.text)
    EXTI_GetFlagStatus                       0x08001ddf   Thumb Code    22  stm32f10x_exti.o(.text)
    EXTI_ClearFlag                           0x08001df5   Thumb Code     8  stm32f10x_exti.o(.text)
    EXTI_GetITStatus                         0x08001dfd   Thumb Code    34  stm32f10x_exti.o(.text)
    EXTI_ClearITPendingBit                   0x08001e1f   Thumb Code     8  stm32f10x_exti.o(.text)
    SPI_I2S_DeInit                           0x08001e31   Thumb Code    76  stm32f10x_spi.o(.text)
    SPI_Init                                 0x08001e7d   Thumb Code    60  stm32f10x_spi.o(.text)
    I2S_Init                                 0x08001eb9   Thumb Code   226  stm32f10x_spi.o(.text)
    SPI_StructInit                           0x08001f9b   Thumb Code    24  stm32f10x_spi.o(.text)
    I2S_StructInit                           0x08001fb3   Thumb Code    20  stm32f10x_spi.o(.text)
    SPI_Cmd                                  0x08001fc7   Thumb Code    24  stm32f10x_spi.o(.text)
    I2S_Cmd                                  0x08001fdf   Thumb Code    24  stm32f10x_spi.o(.text)
    SPI_I2S_ITConfig                         0x08001ff7   Thumb Code    32  stm32f10x_spi.o(.text)
    SPI_I2S_DMACmd                           0x08002017   Thumb Code    18  stm32f10x_spi.o(.text)
    SPI_I2S_SendData                         0x08002029   Thumb Code     4  stm32f10x_spi.o(.text)
    SPI_I2S_ReceiveData                      0x0800202d   Thumb Code     6  stm32f10x_spi.o(.text)
    SPI_NSSInternalSoftwareConfig            0x08002033   Thumb Code    30  stm32f10x_spi.o(.text)
    SPI_SSOutputCmd                          0x08002051   Thumb Code    24  stm32f10x_spi.o(.text)
    SPI_DataSizeConfig                       0x08002069   Thumb Code    18  stm32f10x_spi.o(.text)
    SPI_TransmitCRC                          0x0800207b   Thumb Code    10  stm32f10x_spi.o(.text)
    SPI_CalculateCRC                         0x08002085   Thumb Code    24  stm32f10x_spi.o(.text)
    SPI_GetCRC                               0x0800209d   Thumb Code    16  stm32f10x_spi.o(.text)
    SPI_GetCRCPolynomial                     0x080020ad   Thumb Code     6  stm32f10x_spi.o(.text)
    SPI_BiDirectionalLineConfig              0x080020b3   Thumb Code    28  stm32f10x_spi.o(.text)
    SPI_I2S_GetFlagStatus                    0x080020cf   Thumb Code    18  stm32f10x_spi.o(.text)
    SPI_I2S_ClearFlag                        0x080020e1   Thumb Code     6  stm32f10x_spi.o(.text)
    SPI_I2S_GetITStatus                      0x080020e7   Thumb Code    52  stm32f10x_spi.o(.text)
    SPI_I2S_ClearITPendingBit                0x0800211b   Thumb Code    20  stm32f10x_spi.o(.text)
    Standard_GetConfiguration                0x0800213d   Thumb Code    34  usb_core.o(.text)
    Standard_SetConfiguration                0x0800215f   Thumb Code    60  usb_core.o(.text)
    Standard_GetInterface                    0x0800219b   Thumb Code    34  usb_core.o(.text)
    Standard_SetInterface                    0x080021bd   Thumb Code    96  usb_core.o(.text)
    Standard_GetStatus                       0x0800221d   Thumb Code   224  usb_core.o(.text)
    Standard_ClearFeature                    0x080022fd   Thumb Code   326  usb_core.o(.text)
    Standard_SetEndPointFeature              0x08002443   Thumb Code   176  usb_core.o(.text)
    Standard_SetDeviceFeature                0x080024f3   Thumb Code    30  usb_core.o(.text)
    Standard_GetDescriptorData               0x08002511   Thumb Code    62  usb_core.o(.text)
    Post0_Process                            0x08002a6d   Thumb Code    54  usb_core.o(.text)
    Setup0_Process                           0x08002aa3   Thumb Code   162  usb_core.o(.text)
    SetDeviceAddress                         0x08002b45   Thumb Code    64  usb_core.o(.text)
    In0_Process                              0x08002b85   Thumb Code    98  usb_core.o(.text)
    Out0_Process                             0x08002be7   Thumb Code    70  usb_core.o(.text)
    NOP_Process                              0x08002c2d   Thumb Code     2  usb_core.o(.text)
    CTR_LP                                   0x08002c5d   Thumb Code   774  usb_int.o(.text)
    CTR_HP                                   0x08002f63   Thumb Code   174  usb_int.o(.text)
    UserToPMABufferCopy                      0x08003031   Thumb Code    52  usb_mem.o(.text)
    PMAToUserBufferCopy                      0x08003065   Thumb Code    34  usb_mem.o(.text)
    SetCNTR                                  0x0800308d   Thumb Code     6  usb_regs.o(.text)
    GetCNTR                                  0x08003093   Thumb Code     8  usb_regs.o(.text)
    SetISTR                                  0x0800309b   Thumb Code     8  usb_regs.o(.text)
    GetISTR                                  0x080030a3   Thumb Code    10  usb_regs.o(.text)
    GetFNR                                   0x080030ad   Thumb Code    10  usb_regs.o(.text)
    SetDADDR                                 0x080030b7   Thumb Code     8  usb_regs.o(.text)
    GetDADDR                                 0x080030bf   Thumb Code    10  usb_regs.o(.text)
    SetBTABLE                                0x080030c9   Thumb Code    14  usb_regs.o(.text)
    GetBTABLE                                0x080030d7   Thumb Code    10  usb_regs.o(.text)
    SetENDPOINT                              0x080030e1   Thumb Code    12  usb_regs.o(.text)
    GetENDPOINT                              0x080030ed   Thumb Code    16  usb_regs.o(.text)
    SetEPType                                0x080030fd   Thumb Code    32  usb_regs.o(.text)
    GetEPType                                0x0800311d   Thumb Code    18  usb_regs.o(.text)
    SetEPTxStatus                            0x0800312f   Thumb Code    52  usb_regs.o(.text)
    SetEPRxStatus                            0x08003163   Thumb Code    52  usb_regs.o(.text)
    SetDouBleBuffEPStall                     0x08003197   Thumb Code    54  usb_regs.o(.text)
    GetEPTxStatus                            0x080031cd   Thumb Code    18  usb_regs.o(.text)
    GetEPRxStatus                            0x080031df   Thumb Code    18  usb_regs.o(.text)
    SetEPTxValid                             0x080031f1   Thumb Code    38  usb_regs.o(.text)
    SetEPRxValid                             0x08003217   Thumb Code    38  usb_regs.o(.text)
    SetEP_KIND                               0x0800323d   Thumb Code    32  usb_regs.o(.text)
    ClearEP_KIND                             0x0800325d   Thumb Code    28  usb_regs.o(.text)
    Clear_Status_Out                         0x08003279   Thumb Code    28  usb_regs.o(.text)
    Set_Status_Out                           0x08003295   Thumb Code    32  usb_regs.o(.text)
    SetEPDoubleBuff                          0x080032b5   Thumb Code    32  usb_regs.o(.text)
    ClearEPDoubleBuff                        0x080032d5   Thumb Code    28  usb_regs.o(.text)
    GetTxStallStatus                         0x080032f1   Thumb Code    28  usb_regs.o(.text)
    GetRxStallStatus                         0x0800330d   Thumb Code    30  usb_regs.o(.text)
    ClearEP_CTR_RX                           0x0800332b   Thumb Code    32  usb_regs.o(.text)
    ClearEP_CTR_TX                           0x0800334b   Thumb Code    28  usb_regs.o(.text)
    ToggleDTOG_RX                            0x08003367   Thumb Code    32  usb_regs.o(.text)
    ToggleDTOG_TX                            0x08003387   Thumb Code    32  usb_regs.o(.text)
    ClearDTOG_RX                             0x080033a7   Thumb Code    46  usb_regs.o(.text)
    ClearDTOG_TX                             0x080033d5   Thumb Code    46  usb_regs.o(.text)
    SetEPAddress                             0x08003403   Thumb Code    32  usb_regs.o(.text)
    GetEPAddress                             0x08003423   Thumb Code    18  usb_regs.o(.text)
    SetEPTxAddr                              0x08003435   Thumb Code    26  usb_regs.o(.text)
    SetEPRxAddr                              0x0800344f   Thumb Code    42  usb_regs.o(.text)
    GetEPTxAddr                              0x08003479   Thumb Code    22  usb_regs.o(.text)
    GetEPRxAddr                              0x0800348f   Thumb Code    24  usb_regs.o(.text)
    SetEPTxCount                             0x080034a7   Thumb Code    20  usb_regs.o(.text)
    SetEPCountRxReg                          0x080034bb   Thumb Code    48  usb_regs.o(.text)
    SetEPRxCount                             0x080034eb   Thumb Code    68  usb_regs.o(.text)
    GetEPTxCount                             0x0800352f   Thumb Code    26  usb_regs.o(.text)
    GetEPRxCount                             0x08003549   Thumb Code    26  usb_regs.o(.text)
    SetEPDblBuffAddr                         0x08003563   Thumb Code    44  usb_regs.o(.text)
    SetEPDblBuf0Addr                         0x0800358f   Thumb Code    24  usb_regs.o(.text)
    SetEPDblBuf1Addr                         0x080035a7   Thumb Code    26  usb_regs.o(.text)
    GetEPDblBuf0Addr                         0x080035c1   Thumb Code    22  usb_regs.o(.text)
    GetEPDblBuf1Addr                         0x080035d7   Thumb Code    24  usb_regs.o(.text)
    SetEPDblBuffCount                        0x080035ef   Thumb Code   186  usb_regs.o(.text)
    SetEPDblBuf0Count                        0x080036a9   Thumb Code    96  usb_regs.o(.text)
    SetEPDblBuf1Count                        0x08003709   Thumb Code    96  usb_regs.o(.text)
    GetEPDblBuf0Count                        0x08003769   Thumb Code    26  usb_regs.o(.text)
    GetEPDblBuf1Count                        0x08003783   Thumb Code    26  usb_regs.o(.text)
    GetEPDblBufDir                           0x0800379d   Thumb Code    62  usb_regs.o(.text)
    FreeUserBuffer                           0x080037db   Thumb Code    74  usb_regs.o(.text)
    ToWord                                   0x08003825   Thumb Code     8  usb_regs.o(.text)
    ByteSwap                                 0x0800382d   Thumb Code    12  usb_regs.o(.text)
    Set_USBClock                             0x08003845   Thumb Code    18  hw_config.o(.text)
    Enter_LowPowerMode                       0x08003857   Thumb Code     8  hw_config.o(.text)
    Leave_LowPowerMode                       0x0800385f   Thumb Code    22  hw_config.o(.text)
    USB_Interrupts_Config                    0x08003875   Thumb Code    92  hw_config.o(.text)
    Joystick_Send                            0x080038d1   Thumb Code    60  hw_config.o(.text)
    Get_SerialNum                            0x0800390d   Thumb Code    62  hw_config.o(.text)
    USB_Istr                                 0x0800395d   Thumb Code   222  usb_istr.o(.text)
    Joystick_init                            0x08003a55   Thumb Code    50  usb_prop.o(.text)
    Joystick_Reset                           0x08003a87   Thumb Code   148  usb_prop.o(.text)
    Joystick_SetConfiguration                0x08003b1b   Thumb Code    14  usb_prop.o(.text)
    Joystick_SetDeviceAddress                0x08003b29   Thumb Code     8  usb_prop.o(.text)
    Joystick_Status_In                       0x08003b31   Thumb Code     2  usb_prop.o(.text)
    Joystick_Status_Out                      0x08003b33   Thumb Code     2  usb_prop.o(.text)
    Joystick_GetProtocolValue                0x08003b35   Thumb Code    20  usb_prop.o(.text)
    Joystick_GetHIDDescriptor                0x08003b49   Thumb Code    14  usb_prop.o(.text)
    Joystick_GetReportDescriptor             0x08003b57   Thumb Code    14  usb_prop.o(.text)
    Joystick_Data_Setup                      0x08003b65   Thumb Code   114  usb_prop.o(.text)
    Joystick_SetProtocol                     0x08003bd7   Thumb Code    14  usb_prop.o(.text)
    Joystick_NoData_Setup                    0x08003be5   Thumb Code    32  usb_prop.o(.text)
    Joystick_GetDeviceDescriptor             0x08003c05   Thumb Code    14  usb_prop.o(.text)
    Joystick_GetConfigDescriptor             0x08003c13   Thumb Code    14  usb_prop.o(.text)
    Joystick_GetStringDescriptor             0x08003c21   Thumb Code    32  usb_prop.o(.text)
    Joystick_Get_Interface_Setting           0x08003c41   Thumb Code    22  usb_prop.o(.text)
    PowerOn                                  0x08003c8d   Thumb Code    46  usb_pwr.o(.text)
    PowerOff                                 0x08003cbb   Thumb Code    22  usb_pwr.o(.text)
    Suspend                                  0x08003cd1   Thumb Code    34  usb_pwr.o(.text)
    Resume_Init                              0x08003cf3   Thumb Code    30  usb_pwr.o(.text)
    Resume                                   0x08003d11   Thumb Code   168  usb_pwr.o(.text)
    __use_no_semihosting                     0x08003dc5   Thumb Code     2  use_no_semi_2.o(.text)
    __2printf                                0x08003dc9   Thumb Code    20  noretval__2printf.o(.text)
    _printf_pre_padding                      0x08003de1   Thumb Code    44  _printf_pad.o(.text)
    _printf_post_padding                     0x08003e0d   Thumb Code    34  _printf_pad.o(.text)
    _printf_int_dec                          0x08003e31   Thumb Code   104  _printf_dec.o(.text)
    __printf                                 0x08003ea9   Thumb Code   270  __printf_wp.o(.text)
    __use_two_region_memory                  0x08003fb7   Thumb Code     2  heapauxi.o(.text)
    __rt_heap_escrow$2region                 0x08003fb9   Thumb Code     2  heapauxi.o(.text)
    __rt_heap_expand$2region                 0x08003fbb   Thumb Code     2  heapauxi.o(.text)
    __I$use$semihosting                      0x08003fbd   Thumb Code     0  use_no_semi.o(.text)
    __use_no_semihosting_swi                 0x08003fbd   Thumb Code     2  use_no_semi.o(.text)
    _printf_int_common                       0x08003fbf   Thumb Code   178  _printf_intcommon.o(.text)
    _printf_char_file                        0x08004071   Thumb Code    32  _printf_char_file.o(.text)
    _printf_char_common                      0x0800409f   Thumb Code    32  _printf_char_common.o(.text)
    ferror                                   0x080040c5   Thumb Code     8  ferror.o(.text)
    __user_setup_stackheap                   0x080040cd   Thumb Code    74  sys_stackheap_outer.o(.text)
    exit                                     0x08004117   Thumb Code    18  exit.o(.text)
    __user_libspace                          0x08004129   Thumb Code     8  libspace.o(.text)
    __user_perproc_libspace                  0x08004129   Thumb Code     0  libspace.o(.text)
    __user_perthread_libspace                0x08004129   Thumb Code     0  libspace.o(.text)
    _is_digit                                0x08004131   Thumb Code    14  __printf_wp.o(i._is_digit)
    __aeabi_dadd                             0x08004141   Thumb Code     0  daddsub_clz.o(x$fpl$dadd)
    _dadd                                    0x08004141   Thumb Code   332  daddsub_clz.o(x$fpl$dadd)
    __aeabi_ddiv                             0x08004291   Thumb Code     0  ddiv.o(x$fpl$ddiv)
    _ddiv                                    0x08004291   Thumb Code   552  ddiv.o(x$fpl$ddiv)
    __aeabi_d2iz                             0x08004541   Thumb Code     0  dfix.o(x$fpl$dfix)
    _dfix                                    0x08004541   Thumb Code    94  dfix.o(x$fpl$dfix)
    __aeabi_i2d                              0x0800459f   Thumb Code     0  dflt_clz.o(x$fpl$dflt)
    _dflt                                    0x0800459f   Thumb Code    46  dflt_clz.o(x$fpl$dflt)
    __fpl_dnaninf                            0x080045cd   Thumb Code   156  dnaninf.o(x$fpl$dnaninf)
    __fpl_dretinf                            0x08004669   Thumb Code    12  dretinf.o(x$fpl$dretinf)
    __aeabi_dsub                             0x08004675   Thumb Code     0  daddsub_clz.o(x$fpl$dsub)
    _dsub                                    0x08004675   Thumb Code   464  daddsub_clz.o(x$fpl$dsub)
    TX_ADDRESS                               0x08004848   Data           5  24l01.o(.constdata)
    __I$use$fp                               0x08004848   Number         0  usenofp.o(x$fpl$usenofp)
    RX_ADDRESS                               0x0800484d   Data           5  24l01.o(.constdata)
    Joystick_DeviceDescriptor                0x08004852   Data          18  usb_desc.o(.constdata)
    Joystick_ConfigDescriptor                0x08004864   Data          34  usb_desc.o(.constdata)
    Joystick_ReportDescriptor                0x08004886   Data          74  usb_desc.o(.constdata)
    Joystick_StringLangID                    0x080048d0   Data           4  usb_desc.o(.constdata)
    Joystick_StringVendor                    0x080048d4   Data          26  usb_desc.o(.constdata)
    Joystick_StringProduct                   0x080048ee   Data          34  usb_desc.o(.constdata)
    Region$$Table$$Base                      0x08004910   Number         0  anon$$obj.o(Region$$Table)
    Region$$Table$$Limit                     0x08004930   Number         0  anon$$obj.o(Region$$Table)
    SystemCoreClock                          0x20000000   Data           4  system_stm32f10x.o(.data)
    AHBPrescTable                            0x20000004   Data          16  system_stm32f10x.o(.data)
    __stdout                                 0x2000001c   Data           4  usart.o(.data)
    USART_RX_STA                             0x20000020   Data           2  usart.o(.data)
    StatusInfo                               0x20000036   Data           2  usb_core.o(.data)
    Data_Mul_MaxPacketSize                   0x20000038   Data           1  usb_core.o(.data)
    EPindex                                  0x2000003c   Data           1  usb_init.o(.data)
    pInformation                             0x20000040   Data           4  usb_init.o(.data)
    pProperty                                0x20000044   Data           4  usb_init.o(.data)
    SaveState                                0x20000048   Data           2  usb_init.o(.data)
    wInterrupt_Mask                          0x2000004a   Data           2  usb_init.o(.data)
    pUser_Standard_Requests                  0x2000004c   Data           4  usb_init.o(.data)
    SaveRState                               0x20000050   Data           2  usb_int.o(.data)
    SaveTState                               0x20000052   Data           2  usb_int.o(.data)
    Joystick_StringSerial                    0x20000054   Data          26  usb_desc.o(.data)
    wIstr                                    0x20000070   Data           2  usb_istr.o(.data)
    bIntPackSOF                              0x20000072   Data           1  usb_istr.o(.data)
    pEpInt_IN                                0x20000074   Data          28  usb_istr.o(.data)
    pEpInt_OUT                               0x20000090   Data          28  usb_istr.o(.data)
    ProtocolValue                            0x200000ac   Data           4  usb_prop.o(.data)
    Device_Table                             0x200000b0   Data           2  usb_prop.o(.data)
    Device_Property                          0x200000b4   Data          48  usb_prop.o(.data)
    User_Standard_Requests                   0x200000e4   Data          36  usb_prop.o(.data)
    Device_Descriptor                        0x20000108   Data           8  usb_prop.o(.data)
    Config_Descriptor                        0x20000110   Data           8  usb_prop.o(.data)
    Joystick_Report_Descriptor               0x20000118   Data           8  usb_prop.o(.data)
    Mouse_Hid_Descriptor                     0x20000120   Data           8  usb_prop.o(.data)
    String_Descriptor                        0x20000128   Data          32  usb_prop.o(.data)
    bDeviceState                             0x20000148   Data           4  usb_pwr.o(.data)
    fSuspendEnabled                          0x2000014c   Data           1  usb_pwr.o(.data)
    ResumeS                                  0x2000014d   Data           2  usb_pwr.o(.data)
    USART_RX_BUF                             0x20000150   Data         200  usart.o(.bss)
    Device_Info                              0x20000218   Data          28  usb_init.o(.bss)
    __libspace_start                         0x20000234   Data          96  libspace.o(.bss)
    __temporary_stack_top$libspace           0x20000294   Data           0  libspace.o(.bss)



==============================================================================

Memory Map of the image

  Image Entry point : 0x080000ed

  Load Region LR_IROM1 (Base: 0x08000000, Size: 0x00004a80, Max: 0x00080000, ABSOLUTE, COMPRESSED[0x000049c0])

    Execution Region ER_IROM1 (Exec base: 0x08000000, Load base: 0x08000000, Size: 0x00004930, Max: 0x00080000, ABSOLUTE)

    Exec Addr    Load Addr    Size         Type   Attr      Idx    E Section Name        Object

    0x08000000   0x08000000   0x000000ec   Data   RO          344    RESET               startup_stm32f10x_md.o
    0x080000ec   0x080000ec   0x00000008   Code   RO          661  * !!!main             c_w.l(__main.o)
    0x080000f4   0x080000f4   0x00000034   Code   RO          856    !!!scatter          c_w.l(__scatter.o)
    0x08000128   0x08000128   0x0000005a   Code   RO          854    !!dczerorl2         c_w.l(__dczerorl2.o)
    0x08000182   0x08000182   0x00000002   PAD
    0x08000184   0x08000184   0x0000001c   Code   RO          858    !!handler_zi        c_w.l(__scatter_zi.o)
    0x080001a0   0x080001a0   0x00000000   Code   RO          658    .ARM.Collect$$_printf_percent$$00000000  c_w.l(_printf_percent.o)
    0x080001a0   0x080001a0   0x00000006   Code   RO          657    .ARM.Collect$$_printf_percent$$00000009  c_w.l(_printf_d.o)
    0x080001a6   0x080001a6   0x00000004   Code   RO          690    .ARM.Collect$$_printf_percent$$00000017  c_w.l(_printf_percent_end.o)
    0x080001aa   0x080001aa   0x00000002   Code   RO          728    .ARM.Collect$$libinit$$00000000  c_w.l(libinit.o)
    0x080001ac   0x080001ac   0x00000000   Code   RO          735    .ARM.Collect$$libinit$$00000002  c_w.l(libinit2.o)
    0x080001ac   0x080001ac   0x00000000   Code   RO          737    .ARM.Collect$$libinit$$00000004  c_w.l(libinit2.o)
    0x080001ac   0x080001ac   0x00000000   Code   RO          740    .ARM.Collect$$libinit$$0000000A  c_w.l(libinit2.o)
    0x080001ac   0x080001ac   0x00000000   Code   RO          742    .ARM.Collect$$libinit$$0000000C  c_w.l(libinit2.o)
    0x080001ac   0x080001ac   0x00000000   Code   RO          744    .ARM.Collect$$libinit$$0000000E  c_w.l(libinit2.o)
    0x080001ac   0x080001ac   0x00000000   Code   RO          747    .ARM.Collect$$libinit$$00000011  c_w.l(libinit2.o)
    0x080001ac   0x080001ac   0x00000000   Code   RO          749    .ARM.Collect$$libinit$$00000013  c_w.l(libinit2.o)
    0x080001ac   0x080001ac   0x00000000   Code   RO          751    .ARM.Collect$$libinit$$00000015  c_w.l(libinit2.o)
    0x080001ac   0x080001ac   0x00000000   Code   RO          753    .ARM.Collect$$libinit$$00000017  c_w.l(libinit2.o)
    0x080001ac   0x080001ac   0x00000000   Code   RO          755    .ARM.Collect$$libinit$$00000019  c_w.l(libinit2.o)
    0x080001ac   0x080001ac   0x00000000   Code   RO          757    .ARM.Collect$$libinit$$0000001B  c_w.l(libinit2.o)
    0x080001ac   0x080001ac   0x00000000   Code   RO          759    .ARM.Collect$$libinit$$0000001D  c_w.l(libinit2.o)
    0x080001ac   0x080001ac   0x00000000   Code   RO          761    .ARM.Collect$$libinit$$0000001F  c_w.l(libinit2.o)
    0x080001ac   0x080001ac   0x00000000   Code   RO          763    .ARM.Collect$$libinit$$00000021  c_w.l(libinit2.o)
    0x080001ac   0x080001ac   0x00000000   Code   RO          765    .ARM.Collect$$libinit$$00000023  c_w.l(libinit2.o)
    0x080001ac   0x080001ac   0x00000000   Code   RO          767    .ARM.Collect$$libinit$$00000025  c_w.l(libinit2.o)
    0x080001ac   0x080001ac   0x00000000   Code   RO          771    .ARM.Collect$$libinit$$0000002C  c_w.l(libinit2.o)
    0x080001ac   0x080001ac   0x00000000   Code   RO          773    .ARM.Collect$$libinit$$0000002E  c_w.l(libinit2.o)
    0x080001ac   0x080001ac   0x00000000   Code   RO          775    .ARM.Collect$$libinit$$00000030  c_w.l(libinit2.o)
    0x080001ac   0x080001ac   0x00000000   Code   RO          777    .ARM.Collect$$libinit$$00000032  c_w.l(libinit2.o)
    0x080001ac   0x080001ac   0x00000002   Code   RO          778    .ARM.Collect$$libinit$$00000033  c_w.l(libinit2.o)
    0x080001ae   0x080001ae   0x00000002   Code   RO          796    .ARM.Collect$$libshutdown$$00000000  c_w.l(libshutdown.o)
    0x080001b0   0x080001b0   0x00000000   Code   RO          806    .ARM.Collect$$libshutdown$$00000002  c_w.l(libshutdown2.o)
    0x080001b0   0x080001b0   0x00000000   Code   RO          808    .ARM.Collect$$libshutdown$$00000004  c_w.l(libshutdown2.o)
    0x080001b0   0x080001b0   0x00000000   Code   RO          811    .ARM.Collect$$libshutdown$$00000007  c_w.l(libshutdown2.o)
    0x080001b0   0x080001b0   0x00000000   Code   RO          814    .ARM.Collect$$libshutdown$$0000000A  c_w.l(libshutdown2.o)
    0x080001b0   0x080001b0   0x00000000   Code   RO          816    .ARM.Collect$$libshutdown$$0000000C  c_w.l(libshutdown2.o)
    0x080001b0   0x080001b0   0x00000000   Code   RO          819    .ARM.Collect$$libshutdown$$0000000F  c_w.l(libshutdown2.o)
    0x080001b0   0x080001b0   0x00000002   Code   RO          820    .ARM.Collect$$libshutdown$$00000010  c_w.l(libshutdown2.o)
    0x080001b2   0x080001b2   0x00000000   Code   RO          685    .ARM.Collect$$rtentry$$00000000  c_w.l(__rtentry.o)
    0x080001b2   0x080001b2   0x00000000   Code   RO          697    .ARM.Collect$$rtentry$$00000002  c_w.l(__rtentry2.o)
    0x080001b2   0x080001b2   0x00000006   Code   RO          709    .ARM.Collect$$rtentry$$00000004  c_w.l(__rtentry4.o)
    0x080001b8   0x080001b8   0x00000000   Code   RO          699    .ARM.Collect$$rtentry$$00000009  c_w.l(__rtentry2.o)
    0x080001b8   0x080001b8   0x00000004   Code   RO          700    .ARM.Collect$$rtentry$$0000000A  c_w.l(__rtentry2.o)
    0x080001bc   0x080001bc   0x00000000   Code   RO          702    .ARM.Collect$$rtentry$$0000000C  c_w.l(__rtentry2.o)
    0x080001bc   0x080001bc   0x00000008   Code   RO          703    .ARM.Collect$$rtentry$$0000000D  c_w.l(__rtentry2.o)
    0x080001c4   0x080001c4   0x00000002   Code   RO          732    .ARM.Collect$$rtexit$$00000000  c_w.l(rtexit.o)
    0x080001c6   0x080001c6   0x00000000   Code   RO          780    .ARM.Collect$$rtexit$$00000002  c_w.l(rtexit2.o)
    0x080001c6   0x080001c6   0x00000004   Code   RO          781    .ARM.Collect$$rtexit$$00000003  c_w.l(rtexit2.o)
    0x080001ca   0x080001ca   0x00000006   Code   RO          782    .ARM.Collect$$rtexit$$00000004  c_w.l(rtexit2.o)
    0x080001d0   0x080001d0   0x0000018c   Code   RO            1    .text               main.o
    0x0800035c   0x0800035c   0x00000030   Code   RO          128    .text               stm32f10x_it.o
    0x0800038c   0x0800038c   0x000001e0   Code   RO          188    .text               system_stm32f10x.o
    0x0800056c   0x0800056c   0x0000004c   Code   RO          206    .text               led.o
    0x080005b8   0x080005b8   0x000000c8   Code   RO          218    .text               key.o
    0x08000680   0x08000680   0x00000238   Code   RO          231    .text               i2c.o
    0x080008b8   0x080008b8   0x000001cc   Code   RO          243    .text               mpu6050.o
    0x08000a84   0x08000a84   0x00000108   Code   RO          255    .text               spi.o
    0x08000b8c   0x08000b8c   0x00000344   Code   RO          267    .text               24l01.o
    0x08000ed0   0x08000ed0   0x000000d4   Code   RO          282    .text               delay.o
    0x08000fa4   0x08000fa4   0x0000000c   Code   RO          296    .text               sys.o
    0x08000fb0   0x08000fb0   0x00000140   Code   RO          308    .text               usart.o
    0x080010f0   0x080010f0   0x00000040   Code   RO          345    .text               startup_stm32f10x_md.o
    0x08001130   0x08001130   0x000000dc   Code   RO          349    .text               misc.o
    0x0800120c   0x0800120c   0x0000035c   Code   RO          361    .text               stm32f10x_gpio.o
    0x08001568   0x08001568   0x000003a4   Code   RO          373    .text               stm32f10x_rcc.o
    0x0800190c   0x0800190c   0x00000408   Code   RO          387    .text               stm32f10x_usart.o
    0x08001d14   0x08001d14   0x0000011c   Code   RO          399    .text               stm32f10x_exti.o
    0x08001e30   0x08001e30   0x0000030c   Code   RO          411    .text               stm32f10x_spi.o
    0x0800213c   0x0800213c   0x00000b20   Code   RO          423    .text               usb_core.o
    0x08002c5c   0x08002c5c   0x000003d4   Code   RO          476    .text               usb_int.o
    0x08003030   0x08003030   0x0000005c   Code   RO          500    .text               usb_mem.o
    0x0800308c   0x0800308c   0x000007b8   Code   RO          512    .text               usb_regs.o
    0x08003844   0x08003844   0x00000118   Code   RO          524    .text               hw_config.o
    0x0800395c   0x0800395c   0x000000f8   Code   RO          553    .text               usb_istr.o
    0x08003a54   0x08003a54   0x00000238   Code   RO          578    .text               usb_prop.o
    0x08003c8c   0x08003c8c   0x00000138   Code   RO          605    .text               usb_pwr.o
    0x08003dc4   0x08003dc4   0x00000002   Code   RO          625    .text               c_w.l(use_no_semi_2.o)
    0x08003dc6   0x08003dc6   0x00000002   PAD
    0x08003dc8   0x08003dc8   0x00000018   Code   RO          629    .text               c_w.l(noretval__2printf.o)
    0x08003de0   0x08003de0   0x0000004e   Code   RO          633    .text               c_w.l(_printf_pad.o)
    0x08003e2e   0x08003e2e   0x00000002   PAD
    0x08003e30   0x08003e30   0x00000078   Code   RO          635    .text               c_w.l(_printf_dec.o)
    0x08003ea8   0x08003ea8   0x0000010e   Code   RO          645    .text               c_w.l(__printf_wp.o)
    0x08003fb6   0x08003fb6   0x00000006   Code   RO          659    .text               c_w.l(heapauxi.o)
    0x08003fbc   0x08003fbc   0x00000002   Code   RO          683    .text               c_w.l(use_no_semi.o)
    0x08003fbe   0x08003fbe   0x000000b2   Code   RO          686    .text               c_w.l(_printf_intcommon.o)
    0x08004070   0x08004070   0x00000024   Code   RO          688    .text               c_w.l(_printf_char_file.o)
    0x08004094   0x08004094   0x00000030   Code   RO          711    .text               c_w.l(_printf_char_common.o)
    0x080040c4   0x080040c4   0x00000008   Code   RO          713    .text               c_w.l(ferror.o)
    0x080040cc   0x080040cc   0x0000004a   Code   RO          717    .text               c_w.l(sys_stackheap_outer.o)
    0x08004116   0x08004116   0x00000012   Code   RO          721    .text               c_w.l(exit.o)
    0x08004128   0x08004128   0x00000008   Code   RO          729    .text               c_w.l(libspace.o)
    0x08004130   0x08004130   0x0000000e   Code   RO          647    i._is_digit         c_w.l(__printf_wp.o)
    0x0800413e   0x0800413e   0x00000002   PAD
    0x08004140   0x08004140   0x00000150   Code   RO          663    x$fpl$dadd          fz_ws.l(daddsub_clz.o)
    0x08004290   0x08004290   0x000002b0   Code   RO          670    x$fpl$ddiv          fz_ws.l(ddiv.o)
    0x08004540   0x08004540   0x0000005e   Code   RO          673    x$fpl$dfix          fz_ws.l(dfix.o)
    0x0800459e   0x0800459e   0x0000002e   Code   RO          678    x$fpl$dflt          fz_ws.l(dflt_clz.o)
    0x080045cc   0x080045cc   0x0000009c   Code   RO          691    x$fpl$dnaninf       fz_ws.l(dnaninf.o)
    0x08004668   0x08004668   0x0000000c   Code   RO          693    x$fpl$dretinf       fz_ws.l(dretinf.o)
    0x08004674   0x08004674   0x000001d4   Code   RO          665    x$fpl$dsub          fz_ws.l(daddsub_clz.o)
    0x08004848   0x08004848   0x00000000   Code   RO          695    x$fpl$usenofp       fz_ws.l(usenofp.o)
    0x08004848   0x08004848   0x0000000a   Data   RO          268    .constdata          24l01.o
    0x08004852   0x08004852   0x000000be   Data   RO          540    .constdata          usb_desc.o
    0x08004910   0x08004910   0x00000020   Data   RO          852    Region$$Table       anon$$obj.o


    Execution Region RW_IRAM1 (Exec base: 0x20000000, Load base: 0x08004930, Size: 0x00000898, Max: 0x00010000, ABSOLUTE, COMPRESSED[0x00000090])

    Exec Addr    Load Addr    Size         Type   Attr      Idx    E Section Name        Object

    0x20000000   COMPRESSED   0x00000014   Data   RW          189    .data               system_stm32f10x.o
    0x20000014   COMPRESSED   0x00000001   Data   RW          219    .data               key.o
    0x20000015   COMPRESSED   0x00000001   PAD
    0x20000016   COMPRESSED   0x00000004   Data   RW          283    .data               delay.o
    0x2000001a   COMPRESSED   0x00000002   PAD
    0x2000001c   COMPRESSED   0x00000006   Data   RW          310    .data               usart.o
    0x20000022   COMPRESSED   0x00000014   Data   RW          374    .data               stm32f10x_rcc.o
    0x20000036   COMPRESSED   0x00000003   Data   RW          424    .data               usb_core.o
    0x20000039   COMPRESSED   0x00000003   PAD
    0x2000003c   COMPRESSED   0x00000014   Data   RW          455    .data               usb_init.o
    0x20000050   COMPRESSED   0x00000004   Data   RW          477    .data               usb_int.o
    0x20000054   COMPRESSED   0x0000001a   Data   RW          541    .data               usb_desc.o
    0x2000006e   COMPRESSED   0x00000002   PAD
    0x20000070   COMPRESSED   0x0000003c   Data   RW          554    .data               usb_istr.o
    0x200000ac   COMPRESSED   0x0000009c   Data   RW          579    .data               usb_prop.o
    0x20000148   COMPRESSED   0x00000007   Data   RW          606    .data               usb_pwr.o
    0x2000014f   COMPRESSED   0x00000001   PAD
    0x20000150        -       0x000000c8   Zero   RW          309    .bss                usart.o
    0x20000218        -       0x0000001c   Zero   RW          454    .bss                usb_init.o
    0x20000234        -       0x00000060   Zero   RW          730    .bss                c_w.l(libspace.o)
    0x20000294   COMPRESSED   0x00000004   PAD
    0x20000298        -       0x00000200   Zero   RW          343    HEAP                startup_stm32f10x_md.o
    0x20000498        -       0x00000400   Zero   RW          342    STACK               startup_stm32f10x_md.o


==============================================================================

Image component sizes


      Code (inc. data)   RO Data    RW Data    ZI Data      Debug   Object Name

       836         40         10          0          0       3847   24l01.o
         0          0          0          0          0         32   core_cm3.o
       212         18          0          4          0       1035   delay.o
       280         18          0          0          0       2155   hw_config.o
       568          6          0          0          0       2123   i2c.o
       200         10          0          1          0        808   key.o
        76          8          0          0          0        495   led.o
       396         84          0          0          0     243548   main.o
       220         22          0          0          0       1793   misc.o
       460         16          0          0          0       2109   mpu6050.o
       264         10          0          0          0       1105   spi.o
        64         26        236          0       1536        784   startup_stm32f10x_md.o
       284         10          0          0          0       2251   stm32f10x_exti.o
       860         38          0          0          0       5729   stm32f10x_gpio.o
        48          0          0          0          0       1627   stm32f10x_it.o
       932         36          0         20          0       8908   stm32f10x_rcc.o
       780         14          0          0          0       6610   stm32f10x_spi.o
      1032         22          0          0          0       8452   stm32f10x_usart.o
        12          0          0          0          0        449   sys.o
       480         38          0         20          0       1731   system_stm32f10x.o
       320         16          0          6        200       3166   usart.o
      2848        112          0          3          0      19087   usb_core.o
         0          0        190         26          0       1029   usb_desc.o
         0          0          0         20         28       3483   usb_init.o
       980         32          0          4          0       1788   usb_int.o
       248         26          0         60          0       1304   usb_istr.o
        92          6          0          0          0       1318   usb_mem.o
       568         54          0        156          0       7546   usb_prop.o
       312         20          0          7          0       2597   usb_pwr.o
      1976         26          0          0          0      11825   usb_regs.o

    ----------------------------------------------------------------------
     15348        708        468        336       1764     348734   Object Totals
         0          0         32          0          0          0   (incl. Generated)
         0          0          0          9          0          0   (incl. Padding)

    ----------------------------------------------------------------------

      Code (inc. data)   RO Data    RW Data    ZI Data      Debug   Library Member Name

        90          0          0          0          0          0   __dczerorl2.o
         8          0          0          0          0         68   __main.o
       284          0          0          0          0        156   __printf_wp.o
         0          0          0          0          0          0   __rtentry.o
        12          0          0          0          0          0   __rtentry2.o
         6          0          0          0          0          0   __rtentry4.o
        52          8          0          0          0          0   __scatter.o
        28          0          0          0          0          0   __scatter_zi.o
        48          6          0          0          0         96   _printf_char_common.o
        36          4          0          0          0         80   _printf_char_file.o
         6          0          0          0          0          0   _printf_d.o
       120         16          0          0          0         92   _printf_dec.o
       178          0          0          0          0         88   _printf_intcommon.o
        78          0          0          0          0        108   _printf_pad.o
         0          0          0          0          0          0   _printf_percent.o
         4          0          0          0          0          0   _printf_percent_end.o
        18          0          0          0          0         80   exit.o
         8          0          0          0          0         68   ferror.o
         6          0          0          0          0        152   heapauxi.o
         2          0          0          0          0          0   libinit.o
         2          0          0          0          0          0   libinit2.o
         2          0          0          0          0          0   libshutdown.o
         2          0          0          0          0          0   libshutdown2.o
         8          4          0          0         96         68   libspace.o
        24          4          0          0          0         84   noretval__2printf.o
         2          0          0          0          0          0   rtexit.o
        10          0          0          0          0          0   rtexit2.o
        74          0          0          0          0         80   sys_stackheap_outer.o
         2          0          0          0          0         68   use_no_semi.o
         2          0          0          0          0         68   use_no_semi_2.o
       804         16          0          0          0        272   daddsub_clz.o
       688        140          0          0          0        208   ddiv.o
        94          4          0          0          0         92   dfix.o
        46          0          0          0          0         68   dflt_clz.o
       156          4          0          0          0         92   dnaninf.o
        12          0          0          0          0         68   dretinf.o
         0          0          0          0          0          0   usenofp.o

    ----------------------------------------------------------------------
      2920        206          0          0        100       2156   Library Totals
         8          0          0          0          4          0   (incl. Padding)

    ----------------------------------------------------------------------

      Code (inc. data)   RO Data    RW Data    ZI Data      Debug   Library Name

      1112         42          0          0         96       1356   c_w.l
      1800        164          0          0          0        800   fz_ws.l

    ----------------------------------------------------------------------
      2920        206          0          0        100       2156   Library Totals

    ----------------------------------------------------------------------

==============================================================================


      Code (inc. data)   RO Data    RW Data    ZI Data      Debug   

     18268        914        468        336       1864     347454   Grand Totals
     18268        914        468        144       1864     347454   ELF Image Totals (compressed)
     18268        914        468        144          0          0   ROM Totals

==============================================================================

    Total RO  Size (Code + RO Data)                18736 (  18.30kB)
    Total RW  Size (RW Data + ZI Data)              2200 (   2.15kB)
    Total ROM Size (Code + RO Data + RW Data)      18880 (  18.44kB)

==============================================================================

